Archive member included because of file (symbol)

/mnt/n7fs/nxt/gcc-arm-none-eabi-4_9-2015q3//lib/gcc/arm-none-eabi/4.9.3//libgcc.a(_udivsi3.o)
                              build/obj/ecrobot_interface.c.o (__aeabi_uidiv)
/mnt/n7fs/nxt/gcc-arm-none-eabi-4_9-2015q3//lib/gcc/arm-none-eabi/4.9.3//libgcc.a(_divsi3.o)
                              build/obj/nxtSegway.c.o (__aeabi_idiv)
/mnt/n7fs/nxt/gcc-arm-none-eabi-4_9-2015q3//lib/gcc/arm-none-eabi/4.9.3//libgcc.a(_dvmd_tls.o)
                              /mnt/n7fs/nxt/gcc-arm-none-eabi-4_9-2015q3//lib/gcc/arm-none-eabi/4.9.3//libgcc.a(_udivsi3.o) (__aeabi_idiv0)
/mnt/n7fs/nxt/gcc-arm-none-eabi-4_9-2015q3//lib/gcc/arm-none-eabi/4.9.3//libgcc.a(_arm_addsubdf3.o)
                              build/obj/tools.c.o (__aeabi_dsub)
/mnt/n7fs/nxt/gcc-arm-none-eabi-4_9-2015q3//lib/gcc/arm-none-eabi/4.9.3//libgcc.a(_arm_muldivdf3.o)
                              build/obj/nxtSegway.c.o (__aeabi_dmul)
/mnt/n7fs/nxt/gcc-arm-none-eabi-4_9-2015q3//lib/gcc/arm-none-eabi/4.9.3//libgcc.a(_arm_fixdfsi.o)
                              build/obj/nxtSegway.c.o (__aeabi_d2iz)
/mnt/n7fs/nxt/gcc-arm-none-eabi-4_9-2015q3//lib/gcc/arm-none-eabi/4.9.3//libgcc.a(_arm_truncdfsf2.o)
                              build/obj/tools.c.o (__aeabi_d2f)
/mnt/n7fs/nxt/gcc-arm-none-eabi-4_9-2015q3//lib/gcc/arm-none-eabi/4.9.3//libgcc.a(_arm_addsubsf3.o)
                              build/obj/nxtSegway.c.o (__aeabi_fsub)
/mnt/n7fs/nxt/gcc-arm-none-eabi-4_9-2015q3//lib/gcc/arm-none-eabi/4.9.3//libgcc.a(_arm_muldivsf3.o)
                              build/obj/nxtSegway.c.o (__aeabi_fmul)
/mnt/n7fs/nxt/gcc-arm-none-eabi-4_9-2015q3//lib/gcc/arm-none-eabi/4.9.3//libgcc.a(_arm_cmpsf2.o)
                              build/obj/tools.c.o (__aeabi_fcmplt)
/mnt/n7fs/nxt/gcc-arm-none-eabi-4_9-2015q3//lib/gcc/arm-none-eabi/4.9.3//libgcc.a(_arm_fixsfsi.o)
                              build/obj/tools.c.o (__aeabi_f2iz)
/mnt/n7fs/nxt/gcc-arm-none-eabi-4_9-2015q3//lib/gcc/arm-none-eabi/4.9.3//libgcc.a(_aeabi_ldivmod.o)
                              build/obj/sound.c.o (__aeabi_ldivmod)
/mnt/n7fs/nxt/gcc-arm-none-eabi-4_9-2015q3//lib/gcc/arm-none-eabi/4.9.3//libgcc.a(bpabi.o)
                              /mnt/n7fs/nxt/gcc-arm-none-eabi-4_9-2015q3//lib/gcc/arm-none-eabi/4.9.3//libgcc.a(_aeabi_ldivmod.o) (__gnu_ldivmod_helper)
/mnt/n7fs/nxt/gcc-arm-none-eabi-4_9-2015q3//lib/gcc/arm-none-eabi/4.9.3//libgcc.a(_divdi3.o)
                              /mnt/n7fs/nxt/gcc-arm-none-eabi-4_9-2015q3//lib/gcc/arm-none-eabi/4.9.3//libgcc.a(bpabi.o) (__divdi3)
/mnt/n7fs/nxt/gcc-arm-none-eabi-4_9-2015q3//lib/gcc/arm-none-eabi/4.9.3//libgcc.a(_udivdi3.o)
                              /mnt/n7fs/nxt/gcc-arm-none-eabi-4_9-2015q3//lib/gcc/arm-none-eabi/4.9.3//libgcc.a(bpabi.o) (__udivdi3)
/mnt/n7fs/nxt/gcc-arm-none-eabi-4_9-2015q3//lib/gcc/arm-none-eabi/4.9.3//libgcc.a(_clzdi2.o)
                              /mnt/n7fs/nxt/gcc-arm-none-eabi-4_9-2015q3//lib/gcc/arm-none-eabi/4.9.3//libgcc.a(_divdi3.o) (__clzdi2)
/mnt/n7fs/nxt/gcc-arm-none-eabi-4_9-2015q3//lib/gcc/arm-none-eabi/4.9.3//libgcc.a(_clzsi2.o)
                              /mnt/n7fs/nxt/gcc-arm-none-eabi-4_9-2015q3//lib/gcc/arm-none-eabi/4.9.3//libgcc.a(_clzdi2.o) (__clzsi2)
/mnt/n7fs/nxt/gcc-arm-none-eabi-4_9-2015q3//arm-none-eabi/lib/libc.a(lib_a-memcpy.o)
                              build/obj/ecrobot_usb.c.o (memcpy)
/mnt/n7fs/nxt/gcc-arm-none-eabi-4_9-2015q3//arm-none-eabi/lib/libc.a(lib_a-memset.o)
                              build/obj/ecrobot_usb.c.o (memset)
/mnt/n7fs/nxt/gcc-arm-none-eabi-4_9-2015q3//arm-none-eabi/lib/libc.a(lib_a-strcmp.o)
                              build/obj/ecrobot_usb.c.o (strcmp)
/mnt/n7fs/nxt/gcc-arm-none-eabi-4_9-2015q3//arm-none-eabi/lib/libc.a(lib_a-strcpy.o)
                              build/obj/ecrobot_usb.c.o (strcpy)
/mnt/n7fs/nxt/gcc-arm-none-eabi-4_9-2015q3//arm-none-eabi/lib/libc.a(lib_a-strlen.o)
                              build/obj/ecrobot_base.c.o (strlen)
/mnt/n7fs/nxt/gcc-arm-none-eabi-4_9-2015q3//arm-none-eabi/lib/libc.a(lib_a-strncpy.o)
                              build/obj/ecrobot_bluetooth.c.o (strncpy)

Allocating common symbols
Common symbol       size              file

x                   0x10              build/obj/nxtSegway.c.o
avg_cnt             0x4               build/obj/nxtSegway.c.o
setpoint            0x4               build/obj/nxtSegway.c.o
display_x           0x4               build/obj/display.c.o
gyro_offset_sum     0x4               build/obj/nxtSegway.c.o
in_buf              0x100             build/obj/bt.c.o
gyro_offset         0x4               build/obj/nxtSegway.c.o
y                   0x8               build/obj/nxtSegway.c.o
display_y           0x4               build/obj/display.c.o
bt_frame            0x80              build/obj/bt.c.o
u                   0x4               build/obj/nxtSegway.c.o
sample              0x31c             build/obj/sound.c.o

Discarded input sections

[...]
Memory Configuration

Name             Origin             Length             Attributes
header_ram       0x001ffff0         0x00000010
vector_ram       0x00200000         0x00000040
ram              0x00200040         0x0000ffc0
*default*        0x00000000         0xffffffff

Linker script and memory map

LOAD build/obj/nxtSegway.c.o
LOAD build/obj/tools.c.o
LOAD build/obj/tpl_dispatch_table.c.o
LOAD build/obj/tpl_invoque.S.o
LOAD build/obj/tpl_os_alarm_kernel.c.o
LOAD build/obj/tpl_os_event_kernel.c.o
LOAD build/obj/tpl_os_it_kernel.c.o
LOAD build/obj/tpl_os_rez_kernel.c.o
LOAD build/obj/tpl_os_task_kernel.c.o
LOAD build/obj/tpl_os_timeobj_kernel.c.o
LOAD build/obj/tpl_os_kernel.c.o
LOAD build/obj/tpl_os_action.c.o
LOAD build/obj/tpl_os_error.c.o
LOAD build/obj/tpl_os.c.o
LOAD build/obj/tpl_machine_arm_generic.c.o
LOAD build/obj/tpl_irq.S.o
LOAD build/obj/tpl_system_call.S.o
LOAD build/obj/tpl_stacks.S.o
LOAD build/obj/tpl_vector_table.s.o
LOAD build/obj/nxt_tpl_sleep.S.o
LOAD build/obj/nxt_tpl_stubs.c.o
LOAD build/obj/nxt_irq.c.o
LOAD build/obj/nxt_exception_catch.S.o
LOAD build/obj/nxt_bootstrap_stage1.S.o
LOAD build/obj/nxt_exception_catch.c.o
LOAD build/obj/nxt_binary_header.s.o
LOAD build/obj/nxt_entry_point.s.o
LOAD build/obj/interrupts.s.o
LOAD build/obj/ecrobot_usb.c.o
LOAD build/obj/ecrobot_interface.c.o
LOAD build/obj/ecrobot_device_hook.c.o
LOAD build/obj/ecrobot_bluetooth.c.o
LOAD build/obj/ecrobot_HiTechnic.c.o
LOAD build/obj/ecrobot_base.c.o
LOAD build/obj/flash_loader.c.o
LOAD build/obj/bios_display.c.o
LOAD build/obj/byte_fifo.c.o
LOAD build/obj/aic.c.o
LOAD build/obj/nxt_avr.c.o
LOAD build/obj/i2c.c.o
LOAD build/obj/systick.c.o
LOAD build/obj/nxt_motors.c.o
LOAD build/obj/bt.c.o
LOAD build/obj/display.c.o
LOAD build/obj/sensors.c.o
LOAD build/obj/twi.c.o
LOAD build/obj/nxt_lcd.c.o
LOAD build/obj/nxt_spi.c.o
LOAD build/obj/flashprog.c.o
LOAD build/obj/sound.c.o
LOAD build/obj/buttons.c.o
LOAD build/obj/tpl_app_config.c.o
LOAD /mnt/n7fs/nxt/gcc-arm-none-eabi-4_9-2015q3//lib/gcc/arm-none-eabi/4.9.3//libgcc.a
LOAD /mnt/n7fs/nxt/gcc-arm-none-eabi-4_9-2015q3//arm-none-eabi/lib/libc.a
                0x00200000                RAM_BASE = 0x200000
                0x00010000                RAM_SIZE = 0x10000

.header         0x001ffff0       0x10
 *nxt_binary_header.s.o(*.text *.text.*)
 .text          0x001ffff0       0x10 build/obj/nxt_binary_header.s.o
                0x00200000                . = ALIGN (0x10)

.vectors        0x00200000       0x40
 *tpl_vector_table.s.o(*.vectbl *.text.*)
 .vectbl        0x00200000       0x3c build/obj/tpl_vector_table.s.o
                0x00200000                Vec_reset
                0x00200040                . = ALIGN (0x10)
 *fill*         0x0020003c        0x4 
                0x00200000                __vectors_ram_start__ = ADDR (.vectors)
                0x00200040                __vectors_ram_end__ = (ADDR (.vectors) + SIZEOF (.vectors))
                0x00200000                __vectors_load_start__ = LOADADDR (.vectors)
                0x00200040                __vectors_load_end__ = (LOADADDR (.vectors) + SIZEOF (.vectors))

.entry          0x00200040       0x40
 *nxt_entry_point.s.o(*.text *.text.*)
 .text          0x00200040       0x38 build/obj/nxt_entry_point.s.o
                0x00200040                NXT_Entry_Point
                0x00200080                . = ALIGN (0x10)
 *fill*         0x00200078        0x8 
                0x00200080                . = ALIGN (0x4)

ostext          0x00200080     0x1b48
 *(.osCode)
 .osCode        0x00200080      0x3a4 build/obj/tpl_os_alarm_kernel.c.o
                0x00200080                tpl_raise_alarm
                0x00200090                tpl_get_alarm_base_service
                0x00200108                tpl_get_alarm_service
                0x00200198                tpl_set_rel_alarm_service
                0x002002b4                tpl_set_abs_alarm_service
                0x002003b0                tpl_cancel_alarm_service
 .osCode        0x00200424      0x198 build/obj/tpl_os_event_kernel.c.o
                0x00200424                tpl_set_event_service
                0x002004a8                tpl_clear_event_service
                0x002004e4                tpl_get_event_service
                0x00200568                tpl_wait_event_service
 .osCode        0x002005bc      0x304 build/obj/tpl_os_it_kernel.c.o
                0x00200618                tpl_get_interrupt_lock_status
                0x00200650                tpl_reset_interrupt_lock_status
                0x00200674                tpl_suspend_all_interrupts_service
                0x002006a4                tpl_resume_all_interrupts_service
                0x002006e4                tpl_disable_all_interrupts_service
                0x0020071c                tpl_enable_all_interrupts_service
                0x00200744                tpl_suspend_os_interrupts_service
                0x00200774                tpl_resume_os_interrupts_service
                0x002007b4                tpl_terminate_isr2_service
                0x00200810                tpl_null_it
                0x00200814                tpl_central_interrupt_handler
                0x002008b4                tpl_central_interrupt_handler_2
 .osCode        0x002008c0      0x1c4 build/obj/tpl_os_rez_kernel.c.o
                0x002008c0                tpl_release_all_resources
                0x00200908                tpl_get_resource_service
                0x002009d0                tpl_release_resource_service
 .osCode        0x00200a84      0x280 build/obj/tpl_os_task_kernel.c.o
                0x00200a84                tpl_activate_task_service
                0x00200ae8                tpl_terminate_task_service
                0x00200b44                tpl_chain_task_service
                0x00200c00                tpl_schedule_service
                0x00200c60                tpl_get_task_id_service
                0x00200ca0                tpl_get_task_state_service
 .osCode        0x00200d04      0x258 build/obj/tpl_os_timeobj_kernel.c.o
                0x00200d04                tpl_enable_counters
                0x00200d18                tpl_insert_time_obj
                0x00200de0                tpl_remove_time_obj
                0x00200e30                tpl_counter_tick
 .osCode        0x00200f5c      0x654 build/obj/tpl_os_kernel.c.o
                0x00200ff4                tpl_put_preempted_proc
                0x00201074                tpl_put_new_proc
                0x002010fc                tpl_current_os_state
                0x00201138                tpl_get_internal_resource
                0x00201184                tpl_release_internal_resource
                0x002011c4                tpl_activate_task
                0x0020121c                tpl_set_event
                0x00201224                tpl_init_proc
                0x0020125c                tpl_schedule_from_running
                0x002012f8                tpl_schedule_from_dying
                0x00201384                tpl_schedule_from_waiting
                0x00201400                tpl_start_scheduling
                0x00201460                tpl_init_os
                0x002014e4                tpl_get_active_application_mode_service
                0x00201500                tpl_start_os_service
                0x00201530                tpl_shutdown_os_service
                0x00201540                tpl_call_terminate_task_service
                0x00201578                tpl_call_terminate_isr2_service
 .osCode        0x002015b0       0x4c build/obj/tpl_os_action.c.o
                0x002015b0                tpl_action_callback
                0x002015cc                tpl_action_activate_task
                0x002015e0                tpl_action_setevent
 .osCode        0x002015fc       0xa0 build/obj/tpl_machine_arm_generic.c.o
                0x002015fc                tpl_init_machine_generic
                0x00201610                tpl_get_task_lock
                0x00201614                tpl_release_task_lock
                0x00201618                tpl_enable_interrupts
                0x00201628                tpl_disable_interrupts
                0x00201644                tpl_init_context
                0x00201694                tpl_check_stack_footprint
 .osCode        0x0020169c       0xd4 build/obj/tpl_irq.S.o
                0x0020169c                tpl_primary_irq_handler
 .osCode        0x00201770      0x11c build/obj/tpl_system_call.S.o
                0x00201770                tpl_primary_syscall_handler
 .osCode        0x0020188c        0x4 build/obj/nxt_tpl_sleep.S.o
                0x0020188c                tpl_sleep
 .osCode        0x00201890       0x80 build/obj/nxt_tpl_stubs.c.o
                0x00201890                tpl_init_machine
                0x002018cc                tpl_shutdown
 .osCode        0x00201910       0x58 build/obj/nxt_irq.c.o
                0x00201910                tpl_arm_subarch_irq_handler
                0x00201964                tpl_arm_subarch_fiq_handler
 .osCode        0x00201968       0xf0 build/obj/nxt_exception_catch.S.o
                0x00201968                primary_undefined_instruction_handler
                0x002019a0                primary_prefetch_abort_handler
                0x002019d8                primary_data_abort_handler
                0x00201a10                primary_unused_handler
                0x00201a48                tpl_primary_fiq_handler
 .osCode        0x00201a58       0x50 build/obj/nxt_bootstrap_stage1.S.o
                0x00201a58                tpl_arm_bootstrap_entry
 .osCode        0x00201aa8      0x120 build/obj/tpl_app_config.c.o
                0x00201aa8                tpl_interrupt_source_2
                0x00201ab8                tpl_interrupt_source_5
                0x00201ac8                tpl_interrupt_source_7
                0x00201ad8                tpl_interrupt_source_9
                0x00201ae8                tpl_interrupt_source_10
                0x00201af8                tpl_interrupt_source_12
                0x00201b08                tpl_interrupt_source_15
                0x00201b1c                tpl_interrupt_source_16
                0x00201b30                tpl_interrupt_source_17
                0x00201b44                tpl_interrupt_source_18
                0x00201b58                tpl_interrupt_source_30
                0x00201b68                tpl_tick_it_timer1
                0x00201bb4                tpl_interrupt_source_1
 *(.appCommonCode)
                0x00201bc8                . = ALIGN (0x4)

osconst         0x00201bc8      0x2b0
 *(.osConst)
 .osConst       0x00201bc8       0x70 build/obj/tpl_dispatch_table.c.o
                0x00201bc8                tpl_dispatch_table
 .osConst       0x00201c38       0x1a build/obj/tpl_os_kernel.c.o
                0x00201c38                idle_task_static
                0x00201c50                INVALID_TASK
                0x00201c51                INVALID_PROC
 *fill*         0x00201c52        0x2 
 .osConst       0x00201c54      0x224 build/obj/tpl_app_config.c.o
                0x00201c54                tpl_ready_list
                0x00201c74                tpl_alarm_table
                0x00201c7c                alarm_pendule_static
                0x00201c88                alarm_pendule_action
                0x00201c90                alarm_affichage_static
                0x00201c9c                alarm_affichage_action
                0x00201ca4                tpl_isr_stat_table
                0x00201cb4                tpl_dyn_proc_table
                0x00201cd0                tpl_stat_proc_table
                0x00201cec                tpl_it_vector
                0x00201de4                isr_button_stop_isr_stat_desc
                0x00201dfc                isr_button_start_isr_stat_desc
                0x00201e14                isr_button_right_isr_stat_desc
                0x00201e2c                isr_button_left_isr_stat_desc
                0x00201e44                pendule_task_stat_desc
                0x00201e5c                affichage_task_stat_desc
                0x00201e74                tpl_resource_table
                0x00201e78                . = ALIGN (0x4)

osvars          0x00201e78     0x1fa0
 *(.osVar)
 .osVar         0x00201e78       0x14 build/obj/tpl_os_it_kernel.c.o
                0x00201e78                tpl_user_task_lock
                0x00201e7c                tpl_cpt_user_task_lock_OS
                0x00201e80                tpl_cpt_user_task_lock_All
                0x00201e84                tpl_cpt_os_task_lock
                0x00201e88                tpl_locking_depth
 .osVar         0x00201e8c        0x8 build/obj/tpl_os_rez_kernel.c.o
                0x00201e8c                res_sched_rez_desc
 .osVar         0x00201e94       0x28 build/obj/tpl_os_kernel.c.o
                0x00201e94                tpl_h_prio
                0x00201e98                tpl_kern
                0x00201eb1                INTERNAL_RES_SCHEDULER
                0x00201eb4                idle_task
 .osVar         0x00201ebc      0x110 build/obj/tpl_machine_arm_generic.c.o
                0x00201ebc                nested_kernel_entrance_counter
                0x00201ec0                idle_task_context
                0x00201f04                idle_stack
 .osVar         0x00201fcc      0x24c build/obj/tpl_app_config.c.o
                0x00201fcc                compteur_counter_desc
                0x00201fe9                tpl_fifo_rw
                0x00201ff1                tpl_priority_3_fifo
                0x00201ffd                tpl_priority_2_fifo
                0x00201fff                tpl_priority_1_fifo
                0x00202000                tpl_priority_0_fifo
                0x00202004                alarm_pendule_alarm_desc
                0x0020201c                alarm_affichage_alarm_desc
                0x00202034                isr_button_stop_isr_desc
                0x0020203c                isr_button_stop_int_context
                0x00202080                isr_button_start_isr_desc
                0x00202088                isr_button_start_int_context
                0x002020cc                isr_button_right_isr_desc
                0x002020d4                isr_button_right_int_context
                0x00202118                isr_button_left_isr_desc
                0x00202120                isr_button_left_int_context
                0x00202164                pendule_task_desc
                0x0020216c                pendule_int_context
                0x002021b0                affichage_task_desc
                0x002021b8                affichage_int_context
                0x002021fc                SystemCounter_counter_desc
 *(.stacks)
 .stacks        0x00202218     0x1c00 build/obj/tpl_stacks.S.o
                0x00202218                irq_stack_top
                0x00202618                fiq_stack_top
                0x00202618                irq_stack_bottom
                0x00202a18                fiq_stack_bottom
                0x00202a18                svc_stack_top
                0x00203218                svc_stack_bottom
                0x00203218                abt_stack_top
                0x00203618                abt_stack_bottom
                0x00203618                und_stack_top
                0x00203a18                und_stack_bottom
                0x00203a18                usr_stack_top
                0x00203e18                usr_stack_bottom

apptext         0x00203e20      0x16c
                0x00203e20                __SEG_START_APP_CODE_CONST_RGN = .
 *(.osApiConst)
 *(.osApiCode)
 .osApiCode     0x00203e20      0x150 build/obj/tpl_invoque.S.o
                0x00203e20                ActivateTask
                0x00203e2c                TerminateTask
                0x00203e38                ChainTask
                0x00203e44                Schedule
                0x00203e50                GetTaskID
                0x00203e5c                GetTaskState
                0x00203e68                EnableAllInterrupts
                0x00203e74                DisableAllInterrupts
                0x00203e80                ResumeAllInterrupts
                0x00203e8c                SuspendAllInterrupts
                0x00203e98                ResumeOSInterrupts
                0x00203ea4                SuspendOSInterrupts
                0x00203eb0                GetResource
                0x00203ebc                ReleaseResource
                0x00203ec8                SetEvent
                0x00203ed4                ClearEvent
                0x00203ee0                GetEvent
                0x00203eec                WaitEvent
                0x00203ef8                GetAlarmBase
                0x00203f04                GetAlarm
                0x00203f10                SetRelAlarm
                0x00203f1c                SetAbsAlarm
                0x00203f28                CancelAlarm
                0x00203f34                GetActiveApplicationMode
                0x00203f40                tpl_start_os
                0x00203f4c                ShutdownOS
                0x00203f58                CallTerminateTask
                0x00203f64                CallTerminateISR2
 .osApiCode     0x00203f70       0x1c build/obj/tpl_os.c.o
                0x00203f70                StartOS
 *(.Task_affichageCode)
 *(.Task_penduleCode)
 *(.ISR_isr_button_leftCode)
 *(.ISR_isr_button_rightCode)
 *(.ISR_isr_button_startCode)
 *(.ISR_isr_button_stopCode)

appconst        0x00203f90        0x0

procconst       0x00203f90        0x0
 *(.Task_affichage_SEC_CONST_32BIT)
 *(.Task_affichage_SEC_CALIB_32BIT)
 *(.Task_affichage_SEC_CARTO_32BIT)
 *(.Task_affichage_SEC_CONFIG_DATA_32BIT)
 *(.Task_affichage_SEC_CONST_16BIT)
 *(.Task_affichage_SEC_CALIB_16BIT)
 *(.Task_affichage_SEC_CARTO_16BIT)
 *(.Task_affichage_SEC_CONFIG_DATA_16BIT)
 *(.Task_affichage_SEC_CONST_8BIT)
 *(.Task_affichage_SEC_CALIB_8BIT)
 *(.Task_affichage_SEC_CARTO_8BIT)
 *(.Task_affichage_SEC_CONFIG_DATA_8BIT)
 *(.Task_affichage_SEC_CONST_BOOLEAN)
 *(.Task_affichage_SEC_CALIB_BOOLEAN)
 *(.Task_affichage_SEC_CARTO_BOOLEAN)
 *(.Task_affichage_SEC_CONFIG_DATA_BOOLEAN)
 *(.Task_affichage_SEC_CONST_UNSPECIFIED)
 *(.Task_affichage_SEC_CALIB_UNSPECIFIED)
 *(.Task_affichage_SEC_CARTO_UNSPECIFIED)
 *(.Task_affichage_SEC_CONFIG_DATA_UNSPECIFIED)
 *(.Task_pendule_SEC_CONST_32BIT)
 *(.Task_pendule_SEC_CALIB_32BIT)
 *(.Task_pendule_SEC_CARTO_32BIT)
 *(.Task_pendule_SEC_CONFIG_DATA_32BIT)
 *(.Task_pendule_SEC_CONST_16BIT)
 *(.Task_pendule_SEC_CALIB_16BIT)
 *(.Task_pendule_SEC_CARTO_16BIT)
 *(.Task_pendule_SEC_CONFIG_DATA_16BIT)
 *(.Task_pendule_SEC_CONST_8BIT)
 *(.Task_pendule_SEC_CALIB_8BIT)
 *(.Task_pendule_SEC_CARTO_8BIT)
 *(.Task_pendule_SEC_CONFIG_DATA_8BIT)
 *(.Task_pendule_SEC_CONST_BOOLEAN)
 *(.Task_pendule_SEC_CALIB_BOOLEAN)
 *(.Task_pendule_SEC_CARTO_BOOLEAN)
 *(.Task_pendule_SEC_CONFIG_DATA_BOOLEAN)
 *(.Task_pendule_SEC_CONST_UNSPECIFIED)
 *(.Task_pendule_SEC_CALIB_UNSPECIFIED)
 *(.Task_pendule_SEC_CARTO_UNSPECIFIED)
 *(.Task_pendule_SEC_CONFIG_DATA_UNSPECIFIED)
 *(.ISR_isr_button_left_SEC_CONST_32BIT)
 *(.ISR_isr_button_left_SEC_CALIB_32BIT)
 *(.ISR_isr_button_left_SEC_CARTO_32BIT)
 *(.ISR_isr_button_left_SEC_CONFIG_DATA_32BIT)
 *(.ISR_isr_button_left_SEC_CONST_16BIT)
 *(.ISR_isr_button_left_SEC_CALIB_16BIT)
 *(.ISR_isr_button_left_SEC_CARTO_16BIT)
 *(.ISR_isr_button_left_SEC_CONFIG_DATA_16BIT)
 *(.ISR_isr_button_left_SEC_CONST_8BIT)
 *(.ISR_isr_button_left_SEC_CALIB_8BIT)
 *(.ISR_isr_button_left_SEC_CARTO_8BIT)
 *(.ISR_isr_button_left_SEC_CONFIG_DATA_8BIT)
 *(.ISR_isr_button_left_SEC_CONST_BOOLEAN)
 *(.ISR_isr_button_left_SEC_CALIB_BOOLEAN)
 *(.ISR_isr_button_left_SEC_CARTO_BOOLEAN)
 *(.ISR_isr_button_left_SEC_CONFIG_DATA_BOOLEAN)
 *(.ISR_isr_button_left_SEC_CONST_UNSPECIFIED)
 *(.ISR_isr_button_left_SEC_CALIB_UNSPECIFIED)
 *(.ISR_isr_button_left_SEC_CARTO_UNSPECIFIED)
 *(.ISR_isr_button_left_SEC_CONFIG_DATA_UNSPECIFIED)
 *(.ISR_isr_button_right_SEC_CONST_32BIT)
 *(.ISR_isr_button_right_SEC_CALIB_32BIT)
 *(.ISR_isr_button_right_SEC_CARTO_32BIT)
 *(.ISR_isr_button_right_SEC_CONFIG_DATA_32BIT)
 *(.ISR_isr_button_right_SEC_CONST_16BIT)
 *(.ISR_isr_button_right_SEC_CALIB_16BIT)
 *(.ISR_isr_button_right_SEC_CARTO_16BIT)
 *(.ISR_isr_button_right_SEC_CONFIG_DATA_16BIT)
 *(.ISR_isr_button_right_SEC_CONST_8BIT)
 *(.ISR_isr_button_right_SEC_CALIB_8BIT)
 *(.ISR_isr_button_right_SEC_CARTO_8BIT)
 *(.ISR_isr_button_right_SEC_CONFIG_DATA_8BIT)
 *(.ISR_isr_button_right_SEC_CONST_BOOLEAN)
 *(.ISR_isr_button_right_SEC_CALIB_BOOLEAN)
 *(.ISR_isr_button_right_SEC_CARTO_BOOLEAN)
 *(.ISR_isr_button_right_SEC_CONFIG_DATA_BOOLEAN)
 *(.ISR_isr_button_right_SEC_CONST_UNSPECIFIED)
 *(.ISR_isr_button_right_SEC_CALIB_UNSPECIFIED)
 *(.ISR_isr_button_right_SEC_CARTO_UNSPECIFIED)
 *(.ISR_isr_button_right_SEC_CONFIG_DATA_UNSPECIFIED)
 *(.ISR_isr_button_start_SEC_CONST_32BIT)
 *(.ISR_isr_button_start_SEC_CALIB_32BIT)
 *(.ISR_isr_button_start_SEC_CARTO_32BIT)
 *(.ISR_isr_button_start_SEC_CONFIG_DATA_32BIT)
 *(.ISR_isr_button_start_SEC_CONST_16BIT)
 *(.ISR_isr_button_start_SEC_CALIB_16BIT)
 *(.ISR_isr_button_start_SEC_CARTO_16BIT)
 *(.ISR_isr_button_start_SEC_CONFIG_DATA_16BIT)
 *(.ISR_isr_button_start_SEC_CONST_8BIT)
 *(.ISR_isr_button_start_SEC_CALIB_8BIT)
 *(.ISR_isr_button_start_SEC_CARTO_8BIT)
 *(.ISR_isr_button_start_SEC_CONFIG_DATA_8BIT)
 *(.ISR_isr_button_start_SEC_CONST_BOOLEAN)
 *(.ISR_isr_button_start_SEC_CALIB_BOOLEAN)
 *(.ISR_isr_button_start_SEC_CARTO_BOOLEAN)
 *(.ISR_isr_button_start_SEC_CONFIG_DATA_BOOLEAN)
 *(.ISR_isr_button_start_SEC_CONST_UNSPECIFIED)
 *(.ISR_isr_button_start_SEC_CALIB_UNSPECIFIED)
 *(.ISR_isr_button_start_SEC_CARTO_UNSPECIFIED)
 *(.ISR_isr_button_start_SEC_CONFIG_DATA_UNSPECIFIED)
 *(.ISR_isr_button_stop_SEC_CONST_32BIT)
 *(.ISR_isr_button_stop_SEC_CALIB_32BIT)
 *(.ISR_isr_button_stop_SEC_CARTO_32BIT)
 *(.ISR_isr_button_stop_SEC_CONFIG_DATA_32BIT)
 *(.ISR_isr_button_stop_SEC_CONST_16BIT)
 *(.ISR_isr_button_stop_SEC_CALIB_16BIT)
 *(.ISR_isr_button_stop_SEC_CARTO_16BIT)
 *(.ISR_isr_button_stop_SEC_CONFIG_DATA_16BIT)
 *(.ISR_isr_button_stop_SEC_CONST_8BIT)
 *(.ISR_isr_button_stop_SEC_CALIB_8BIT)
 *(.ISR_isr_button_stop_SEC_CARTO_8BIT)
 *(.ISR_isr_button_stop_SEC_CONFIG_DATA_8BIT)
 *(.ISR_isr_button_stop_SEC_CONST_BOOLEAN)
 *(.ISR_isr_button_stop_SEC_CALIB_BOOLEAN)
 *(.ISR_isr_button_stop_SEC_CARTO_BOOLEAN)
 *(.ISR_isr_button_stop_SEC_CONFIG_DATA_BOOLEAN)
 *(.ISR_isr_button_stop_SEC_CONST_UNSPECIFIED)
 *(.ISR_isr_button_stop_SEC_CALIB_UNSPECIFIED)
 *(.ISR_isr_button_stop_SEC_CARTO_UNSPECIFIED)
 *(.ISR_isr_button_stop_SEC_CONFIG_DATA_UNSPECIFIED)
                0x00203f90                . = ALIGN (0x10)
                0x00203f8f                __SEG_STOP_APP_CODE_CONST_RGN = (. - 0x1)

procvars        0x00203f8c        0x0
                0x00203f8c                __SEG_START_Task_affichage_VAR_RGN = .
 *(.Task_affichage_SEC_VAR_NOINIT_32BIT)
 *(.Task_affichage_SEC_VAR_POWER_ON_INIT_32BIT)
 *(.Task_affichage_SEC_VAR_FAST_32BIT)
 *(.Task_affichage_SEC_VAR_32BIT)
 *(.Task_affichage_SEC_VAR_NOINIT_16BIT)
 *(.Task_affichage_SEC_VAR_POWER_ON_INIT_16BIT)
 *(.Task_affichage_SEC_VAR_FAST_16BIT)
 *(.Task_affichage_SEC_VAR_16BIT)
 *(.Task_affichage_SEC_VAR_NOINIT_8BIT)
 *(.Task_affichage_SEC_VAR_POWER_ON_INIT_8BIT)
 *(.Task_affichage_SEC_VAR_FAST_8BIT)
 *(.Task_affichage_SEC_VAR_8BIT)
 *(.Task_affichage_SEC_VAR_NOINIT_BOOLEAN)
 *(.Task_affichage_SEC_VAR_POWER_ON_INIT_BOOLEAN)
 *(.Task_affichage_SEC_VAR_FAST_BOOLEAN)
 *(.Task_affichage_SEC_VAR_BOOLEAN)
 *(.Task_affichage_SEC_VAR_NOINIT_UNSPECIFIED)
 *(.Task_affichage_SEC_VAR_POWER_ON_INIT_UNSPECIFIED)
 *(.Task_affichage_SEC_VAR_FAST_UNSPECIFIED)
 *(.Task_affichage_SEC_VAR_UNSPECIFIED)
                0x00203f8f                __SEG_END_Task_affichage_VAR_RGN = (ALIGN (0x10) - 0x1)
                0x00203f8c                __SEG_START_Task_pendule_VAR_RGN = .
 *(.Task_pendule_SEC_VAR_NOINIT_32BIT)
 *(.Task_pendule_SEC_VAR_POWER_ON_INIT_32BIT)
 *(.Task_pendule_SEC_VAR_FAST_32BIT)
 *(.Task_pendule_SEC_VAR_32BIT)
 *(.Task_pendule_SEC_VAR_NOINIT_16BIT)
 *(.Task_pendule_SEC_VAR_POWER_ON_INIT_16BIT)
 *(.Task_pendule_SEC_VAR_FAST_16BIT)
 *(.Task_pendule_SEC_VAR_16BIT)
 *(.Task_pendule_SEC_VAR_NOINIT_8BIT)
 *(.Task_pendule_SEC_VAR_POWER_ON_INIT_8BIT)
 *(.Task_pendule_SEC_VAR_FAST_8BIT)
 *(.Task_pendule_SEC_VAR_8BIT)
 *(.Task_pendule_SEC_VAR_NOINIT_BOOLEAN)
 *(.Task_pendule_SEC_VAR_POWER_ON_INIT_BOOLEAN)
 *(.Task_pendule_SEC_VAR_FAST_BOOLEAN)
 *(.Task_pendule_SEC_VAR_BOOLEAN)
 *(.Task_pendule_SEC_VAR_NOINIT_UNSPECIFIED)
 *(.Task_pendule_SEC_VAR_POWER_ON_INIT_UNSPECIFIED)
 *(.Task_pendule_SEC_VAR_FAST_UNSPECIFIED)
 *(.Task_pendule_SEC_VAR_UNSPECIFIED)
                0x00203f8f                __SEG_END_Task_pendule_VAR_RGN = (ALIGN (0x10) - 0x1)
                0x00203f8c                __SEG_START_ISR_isr_button_left_VAR_RGN = .
 *(.ISR_isr_button_left_SEC_VAR_NOINIT_32BIT)
 *(.ISR_isr_button_left_SEC_VAR_POWER_ON_INIT_32BIT)
 *(.ISR_isr_button_left_SEC_VAR_FAST_32BIT)
 *(.ISR_isr_button_left_SEC_VAR_32BIT)
 *(.ISR_isr_button_left_SEC_VAR_NOINIT_16BIT)
 *(.ISR_isr_button_left_SEC_VAR_POWER_ON_INIT_16BIT)
 *(.ISR_isr_button_left_SEC_VAR_FAST_16BIT)
 *(.ISR_isr_button_left_SEC_VAR_16BIT)
 *(.ISR_isr_button_left_SEC_VAR_NOINIT_8BIT)
 *(.ISR_isr_button_left_SEC_VAR_POWER_ON_INIT_8BIT)
 *(.ISR_isr_button_left_SEC_VAR_FAST_8BIT)
 *(.ISR_isr_button_left_SEC_VAR_8BIT)
 *(.ISR_isr_button_left_SEC_VAR_NOINIT_BOOLEAN)
 *(.ISR_isr_button_left_SEC_VAR_POWER_ON_INIT_BOOLEAN)
 *(.ISR_isr_button_left_SEC_VAR_FAST_BOOLEAN)
 *(.ISR_isr_button_left_SEC_VAR_BOOLEAN)
 *(.ISR_isr_button_left_SEC_VAR_NOINIT_UNSPECIFIED)
 *(.ISR_isr_button_left_SEC_VAR_POWER_ON_INIT_UNSPECIFIED)
 *(.ISR_isr_button_left_SEC_VAR_FAST_UNSPECIFIED)
 *(.ISR_isr_button_left_SEC_VAR_UNSPECIFIED)
                0x00203f8f                __SEG_END_ISR_isr_button_left_VAR_RGN = (ALIGN (0x10) - 0x1)
                0x00203f8c                __SEG_START_ISR_isr_button_right_VAR_RGN = .
 *(.ISR_isr_button_right_SEC_VAR_NOINIT_32BIT)
 *(.ISR_isr_button_right_SEC_VAR_POWER_ON_INIT_32BIT)
 *(.ISR_isr_button_right_SEC_VAR_FAST_32BIT)
 *(.ISR_isr_button_right_SEC_VAR_32BIT)
 *(.ISR_isr_button_right_SEC_VAR_NOINIT_16BIT)
 *(.ISR_isr_button_right_SEC_VAR_POWER_ON_INIT_16BIT)
 *(.ISR_isr_button_right_SEC_VAR_FAST_16BIT)
 *(.ISR_isr_button_right_SEC_VAR_16BIT)
 *(.ISR_isr_button_right_SEC_VAR_NOINIT_8BIT)
 *(.ISR_isr_button_right_SEC_VAR_POWER_ON_INIT_8BIT)
 *(.ISR_isr_button_right_SEC_VAR_FAST_8BIT)
 *(.ISR_isr_button_right_SEC_VAR_8BIT)
 *(.ISR_isr_button_right_SEC_VAR_NOINIT_BOOLEAN)
 *(.ISR_isr_button_right_SEC_VAR_POWER_ON_INIT_BOOLEAN)
 *(.ISR_isr_button_right_SEC_VAR_FAST_BOOLEAN)
 *(.ISR_isr_button_right_SEC_VAR_BOOLEAN)
 *(.ISR_isr_button_right_SEC_VAR_NOINIT_UNSPECIFIED)
 *(.ISR_isr_button_right_SEC_VAR_POWER_ON_INIT_UNSPECIFIED)
 *(.ISR_isr_button_right_SEC_VAR_FAST_UNSPECIFIED)
 *(.ISR_isr_button_right_SEC_VAR_UNSPECIFIED)
                0x00203f8f                __SEG_END_ISR_isr_button_right_VAR_RGN = (ALIGN (0x10) - 0x1)
                0x00203f8c                __SEG_START_ISR_isr_button_start_VAR_RGN = .
 *(.ISR_isr_button_start_SEC_VAR_NOINIT_32BIT)
 *(.ISR_isr_button_start_SEC_VAR_POWER_ON_INIT_32BIT)
 *(.ISR_isr_button_start_SEC_VAR_FAST_32BIT)
 *(.ISR_isr_button_start_SEC_VAR_32BIT)
 *(.ISR_isr_button_start_SEC_VAR_NOINIT_16BIT)
 *(.ISR_isr_button_start_SEC_VAR_POWER_ON_INIT_16BIT)
 *(.ISR_isr_button_start_SEC_VAR_FAST_16BIT)
 *(.ISR_isr_button_start_SEC_VAR_16BIT)
 *(.ISR_isr_button_start_SEC_VAR_NOINIT_8BIT)
 *(.ISR_isr_button_start_SEC_VAR_POWER_ON_INIT_8BIT)
 *(.ISR_isr_button_start_SEC_VAR_FAST_8BIT)
 *(.ISR_isr_button_start_SEC_VAR_8BIT)
 *(.ISR_isr_button_start_SEC_VAR_NOINIT_BOOLEAN)
 *(.ISR_isr_button_start_SEC_VAR_POWER_ON_INIT_BOOLEAN)
 *(.ISR_isr_button_start_SEC_VAR_FAST_BOOLEAN)
 *(.ISR_isr_button_start_SEC_VAR_BOOLEAN)
 *(.ISR_isr_button_start_SEC_VAR_NOINIT_UNSPECIFIED)
 *(.ISR_isr_button_start_SEC_VAR_POWER_ON_INIT_UNSPECIFIED)
 *(.ISR_isr_button_start_SEC_VAR_FAST_UNSPECIFIED)
 *(.ISR_isr_button_start_SEC_VAR_UNSPECIFIED)
                0x00203f8f                __SEG_END_ISR_isr_button_start_VAR_RGN = (ALIGN (0x10) - 0x1)
                0x00203f8c                __SEG_START_ISR_isr_button_stop_VAR_RGN = .
 *(.ISR_isr_button_stop_SEC_VAR_NOINIT_32BIT)
 *(.ISR_isr_button_stop_SEC_VAR_POWER_ON_INIT_32BIT)
 *(.ISR_isr_button_stop_SEC_VAR_FAST_32BIT)
 *(.ISR_isr_button_stop_SEC_VAR_32BIT)
 *(.ISR_isr_button_stop_SEC_VAR_NOINIT_16BIT)
 *(.ISR_isr_button_stop_SEC_VAR_POWER_ON_INIT_16BIT)
 *(.ISR_isr_button_stop_SEC_VAR_FAST_16BIT)
 *(.ISR_isr_button_stop_SEC_VAR_16BIT)
 *(.ISR_isr_button_stop_SEC_VAR_NOINIT_8BIT)
 *(.ISR_isr_button_stop_SEC_VAR_POWER_ON_INIT_8BIT)
 *(.ISR_isr_button_stop_SEC_VAR_FAST_8BIT)
 *(.ISR_isr_button_stop_SEC_VAR_8BIT)
 *(.ISR_isr_button_stop_SEC_VAR_NOINIT_BOOLEAN)
 *(.ISR_isr_button_stop_SEC_VAR_POWER_ON_INIT_BOOLEAN)
 *(.ISR_isr_button_stop_SEC_VAR_FAST_BOOLEAN)
 *(.ISR_isr_button_stop_SEC_VAR_BOOLEAN)
 *(.ISR_isr_button_stop_SEC_VAR_NOINIT_UNSPECIFIED)
 *(.ISR_isr_button_stop_SEC_VAR_POWER_ON_INIT_UNSPECIFIED)
 *(.ISR_isr_button_stop_SEC_VAR_FAST_UNSPECIFIED)
 *(.ISR_isr_button_stop_SEC_VAR_UNSPECIFIED)
                0x00203f8f                __SEG_END_ISR_isr_button_stop_VAR_RGN = (ALIGN (0x10) - 0x1)

procstack       0x00203f8c      0xbd0
                0x00203f8c                __SEG_START_Task_affichage_STACK_RGN = .
 *(.Task_affichageStack)
 .Task_affichageStack
                0x00203f8c      0x200 build/obj/tpl_app_config.c.o
                0x00203f8c                affichage_stack_zone
                0x0020418f                __SEG_END_Task_affichage_STACK_RGN = (ALIGN (0x10) - 0x1)
                0x0020418c                __SEG_START_Task_pendule_STACK_RGN = .
 *(.Task_penduleStack)
 .Task_penduleStack
                0x0020418c      0x200 build/obj/tpl_app_config.c.o
                0x0020418c                pendule_stack_zone
                0x0020438f                __SEG_END_Task_pendule_STACK_RGN = (ALIGN (0x10) - 0x1)
                0x0020438c                __SEG_START_ISR_isr_button_left_STACK_RGN = .
 *(.ISR_isr_button_leftStack)
 .ISR_isr_button_leftStack
                0x0020438c      0x1f4 build/obj/tpl_app_config.c.o
                0x0020438c                isr_button_left_stack_zone
                0x0020457f                __SEG_END_ISR_isr_button_left_STACK_RGN = (ALIGN (0x10) - 0x1)
                0x00204580                __SEG_START_ISR_isr_button_right_STACK_RGN = .
 *(.ISR_isr_button_rightStack)
 .ISR_isr_button_rightStack
                0x00204580      0x1f4 build/obj/tpl_app_config.c.o
                0x00204580                isr_button_right_stack_zone
                0x0020477f                __SEG_END_ISR_isr_button_right_STACK_RGN = (ALIGN (0x10) - 0x1)
                0x00204774                __SEG_START_ISR_isr_button_start_STACK_RGN = .
 *(.ISR_isr_button_startStack)
 .ISR_isr_button_startStack
                0x00204774      0x1f4 build/obj/tpl_app_config.c.o
                0x00204774                isr_button_start_stack_zone
                0x0020496f                __SEG_END_ISR_isr_button_start_STACK_RGN = (ALIGN (0x10) - 0x1)
                0x00204968                __SEG_START_ISR_isr_button_stop_STACK_RGN = .
 *(.ISR_isr_button_stopStack)
 .ISR_isr_button_stopStack
                0x00204968      0x1f4 build/obj/tpl_app_config.c.o
                0x00204968                isr_button_stop_stack_zone
                0x00204b5f                __SEG_END_ISR_isr_button_stop_STACK_RGN = (ALIGN (0x10) - 0x1)

appvars         0x00204b5c        0x0
                0x00204b5c                . = ALIGN (0x4)

text_garbage    0x00204b5c     0x4204
 *(.text*)
 .text.startup.main
                0x00204b5c       0x18 build/obj/nxtSegway.c.o
                0x00204b5c                main
 .text.estimateur
                0x00204b74       0x68 build/obj/nxtSegway.c.o
                0x00204b74                estimateur
 .text.controller
                0x00204bdc       0x80 build/obj/nxtSegway.c.o
                0x00204bdc                controller
 .text.pendule_function
                0x00204c5c      0x188 build/obj/nxtSegway.c.o
                0x00204c5c                pendule_function
 .text.affichage_function
                0x00204de4      0x138 build/obj/nxtSegway.c.o
                0x00204de4                affichage_function
 .text.isr_button_start_function
                0x00204f1c       0x18 build/obj/nxtSegway.c.o
                0x00204f1c                isr_button_start_function
 .text.isr_button_stop_function
                0x00204f34       0x14 build/obj/nxtSegway.c.o
                0x00204f34                isr_button_stop_function
 .text.isr_button_left_function
                0x00204f48       0x18 build/obj/nxtSegway.c.o
                0x00204f48                isr_button_left_function
 .text.isr_button_right_function
                0x00204f60       0x18 build/obj/nxtSegway.c.o
                0x00204f60                isr_button_right_function
 .text.init_time
                0x00204f78       0x10 build/obj/tools.c.o
                0x00204f78                init_time
 .text.delta_t  0x00204f88       0x38 build/obj/tools.c.o
                0x00204f88                delta_t
 .text.getGyro  0x00204fc0       0x3c build/obj/tools.c.o
                0x00204fc0                getGyro
 .text.getMotorAngle
                0x00204ffc       0x68 build/obj/tools.c.o
                0x00204ffc                getMotorAngle
 .text.calculatePWM
                0x00205064       0x94 build/obj/tools.c.o
                0x00205064                calculatePWM
 .text.getMotorDiff
                0x002050f8       0x60 build/obj/tools.c.o
                0x002050f8                getMotorDiff
 .text.syncMotor
                0x00205158       0xb4 build/obj/tools.c.o
                0x00205158                syncMotor
 .text.nxt_motors_set_command
                0x0020520c       0xcc build/obj/tools.c.o
                0x0020520c                nxt_motors_set_command
 .text.disp     0x002052d8       0x3c build/obj/tools.c.o
                0x002052d8                disp
 .text.exception_catch_display
                0x00205314       0xe0 build/obj/nxt_exception_catch.c.o
                0x00205314                exception_catch_display
 .text          0x002053f4       0x68 build/obj/interrupts.s.o
                0x002053f4                interrupts_get_and_disable
                0x00205418                interrupts_enable
                0x00205428                fiq_get_and_disable
                0x0020544c                fiq_enable
 .text.getDistance
                0x0020545c       0x28 build/obj/ecrobot_interface.c.o
 .text.ecrobot_set_motor_rev
                0x00205484       0x10 build/obj/ecrobot_interface.c.o
                0x00205484                ecrobot_set_motor_rev
 .text.ecrobot_get_battery_voltage
                0x00205494       0x10 build/obj/ecrobot_interface.c.o
                0x00205494                ecrobot_get_battery_voltage
 .text.ecrobot_get_systick_ms
                0x002054a4       0x10 build/obj/ecrobot_interface.c.o
                0x002054a4                ecrobot_get_systick_ms
 .text.ecrobot_get_button_state
                0x002054b4       0x10 build/obj/ecrobot_interface.c.o
                0x002054b4                ecrobot_get_button_state
 .text.ecrobot_poll_nxtstate
                0x002054c4       0x8c build/obj/ecrobot_interface.c.o
                0x002054c4                ecrobot_poll_nxtstate
 .text.ecrobot_status_monitor
                0x00205550      0x19c build/obj/ecrobot_interface.c.o
                0x00205550                ecrobot_status_monitor
 .text.ecrobot_sound_tone
                0x002056ec       0x14 build/obj/ecrobot_interface.c.o
                0x002056ec                ecrobot_sound_tone
 .text.send_bt_command
                0x00205700       0x68 build/obj/ecrobot_bluetooth.c.o
 .text.ecrobot_get_bt_status
                0x00205768       0x10 build/obj/ecrobot_bluetooth.c.o
                0x00205768                ecrobot_get_bt_status
 .text.ecrobot_term_bt_connection
                0x00205778       0x68 build/obj/ecrobot_bluetooth.c.o
                0x00205778                ecrobot_term_bt_connection
 .text.ecrobot_get_gyro_sensor
                0x002057e0       0x18 build/obj/ecrobot_HiTechnic.c.o
                0x002057e0                ecrobot_get_gyro_sensor
 .text.nxt_device_init
                0x002057f8       0x38 build/obj/flash_loader.c.o
                0x002057f8                nxt_device_init
 .text.aic_initialise
                0x00205830       0x74 build/obj/aic.c.o
                0x00205830                aic_initialise
 .text.aic_set_vector
                0x002058a4       0x3c build/obj/aic.c.o
                0x002058a4                aic_set_vector
 .text.aic_mask_on
                0x002058e0       0x2c build/obj/aic.c.o
                0x002058e0                aic_mask_on
 .text.aic_mask_off
                0x0020590c       0x2c build/obj/aic.c.o
                0x0020590c                aic_mask_off
 .text.aic_clear
                0x00205938       0x2c build/obj/aic.c.o
                0x00205938                aic_clear
 .text.nxt_avr_power_down
                0x00205964       0x1c build/obj/nxt_avr.c.o
                0x00205964                nxt_avr_power_down
 .text.nxt_avr_link_init
                0x00205980       0x2c build/obj/nxt_avr.c.o
                0x00205980                nxt_avr_link_init
 .text.nxt_avr_init
                0x002059ac       0x9c build/obj/nxt_avr.c.o
                0x002059ac                nxt_avr_init
 .text.nxt_avr_1kHz_update
                0x00205a48      0x2a0 build/obj/nxt_avr.c.o
                0x00205a48                nxt_avr_1kHz_update
 .text.buttons_get
                0x00205ce8       0x10 build/obj/nxt_avr.c.o
                0x00205ce8                buttons_get
 .text.battery_voltage
                0x00205cf8       0x34 build/obj/nxt_avr.c.o
                0x00205cf8                battery_voltage
 .text.sensor_adc
                0x00205d2c       0x28 build/obj/nxt_avr.c.o
                0x00205d2c                sensor_adc
 .text.nxt_avr_set_motor
                0x00205d54       0x34 build/obj/nxt_avr.c.o
                0x00205d54                nxt_avr_set_motor
 .text.nxt_avr_set_input_power
                0x00205d88       0x4c build/obj/nxt_avr.c.o
                0x00205d88                nxt_avr_set_input_power
 .text.i2c_timer_isr_C_function
                0x00205dd4      0x3f8 build/obj/i2c.c.o
                0x00205dd4                i2c_timer_isr_C_function
 .text.i2c_disable
                0x002061cc       0x34 build/obj/i2c.c.o
                0x002061cc                i2c_disable
 .text.i2c_init
                0x00206200       0xcc build/obj/i2c.c.o
                0x00206200                i2c_init
 .text.systick_low_priority_C_function
                0x002062cc       0x20 build/obj/systick.c.o
                0x002062cc                systick_low_priority_C_function
 .text.systick_isr_C_function
                0x002062ec       0x28 build/obj/systick.c.o
                0x002062ec                systick_isr_C_function
 .text.systick_get_ms
                0x00206314       0x10 build/obj/systick.c.o
                0x00206314                systick_get_ms
 .text.systick_wait_ms
                0x00206324       0x30 build/obj/systick.c.o
                0x00206324                systick_wait_ms
 .text.systick_wait_ns
                0x00206354       0x30 build/obj/systick.c.o
                0x00206354                systick_wait_ns
 .text.systick_init
                0x00206384       0x70 build/obj/systick.c.o
                0x00206384                systick_init
 .text.nxt_motor_get_count
                0x002063f4       0x18 build/obj/nxt_motors.c.o
                0x002063f4                nxt_motor_get_count
 .text.nxt_motor_set_count
                0x0020640c       0x14 build/obj/nxt_motors.c.o
                0x0020640c                nxt_motor_set_count
 .text.nxt_motor_set_speed
                0x00206420       0x40 build/obj/nxt_motors.c.o
                0x00206420                nxt_motor_set_speed
 .text.nxt_motor_1kHz_process
                0x00206460       0x34 build/obj/nxt_motors.c.o
                0x00206460                nxt_motor_1kHz_process
 .text.nxt_motor_quad_decode
                0x00206494       0x70 build/obj/nxt_motors.c.o
                0x00206494                nxt_motor_quad_decode
 .text.nxt_motor_isr_C_function
                0x00206504       0x9c build/obj/nxt_motors.c.o
                0x00206504                nxt_motor_isr_C_function
 .text.nxt_motor_init
                0x002065a0       0x74 build/obj/nxt_motors.c.o
                0x002065a0                nxt_motor_init
 .text.bt_isr_C_function
                0x00206614      0x110 build/obj/bt.c.o
                0x00206614                bt_isr_C_function
 .text.bt_init  0x00206724      0x150 build/obj/bt.c.o
                0x00206724                bt_init
 .text.bt_send  0x00206874       0x60 build/obj/bt.c.o
                0x00206874                bt_send
 .text.bt_clear_arm7_cmd
                0x002068d4       0x10 build/obj/bt.c.o
                0x002068d4                bt_clear_arm7_cmd
 .text.display_update
                0x002068e4       0x20 build/obj/display.c.o
                0x002068e4                display_update
 .text.display_force_update
                0x00206904       0x10 build/obj/display.c.o
                0x00206904                display_force_update
 .text.display_clear
                0x00206914       0x30 build/obj/display.c.o
                0x00206914                display_clear
 .text.display_goto_xy
                0x00206944       0x1c build/obj/display.c.o
                0x00206944                display_goto_xy
 .text.display_char
                0x00206960       0x70 build/obj/display.c.o
                0x00206960                display_char
 .text.display_string
                0x002069d0       0x68 build/obj/display.c.o
                0x002069d0                display_string
 .text.display_unsigned_worker
                0x00206a38       0xb0 build/obj/display.c.o
 .text.display_hex
                0x00206ae8       0x70 build/obj/display.c.o
                0x00206ae8                display_hex
 .text.display_unsigned
                0x00206b58        0x8 build/obj/display.c.o
                0x00206b58                display_unsigned
 .text.display_int
                0x00206b60       0x14 build/obj/display.c.o
                0x00206b60                display_int
 .text.display_init
                0x00206b74       0x4c build/obj/display.c.o
                0x00206b74                display_init
 .text.unset_digi0
                0x00206bc0       0x60 build/obj/sensors.c.o
                0x00206bc0                unset_digi0
 .text.unset_digi1
                0x00206c20       0x60 build/obj/sensors.c.o
                0x00206c20                unset_digi1
 .text.init_sensors
                0x00206c80       0x6c build/obj/sensors.c.o
                0x00206c80                init_sensors
 .text.twi_status
                0x00206cec       0x2c build/obj/twi.c.o
                0x00206cec                twi_status
 .text.twi_isr_C_function
                0x00206d18      0x120 build/obj/twi.c.o
                0x00206d18                twi_isr_C_function
 .text.twi_reset
                0x00206e38       0xc0 build/obj/twi.c.o
                0x00206e38                twi_reset
 .text.twi_init
                0x00206ef8       0x64 build/obj/twi.c.o
                0x00206ef8                twi_init
 .text.twi_start_read
                0x00206f5c       0x70 build/obj/twi.c.o
                0x00206f5c                twi_start_read
 .text.twi_start_write
                0x00206fcc       0x70 build/obj/twi.c.o
                0x00206fcc                twi_start_write
 .text.nxt_lcd_command
                0x0020703c       0x24 build/obj/nxt_lcd.c.o
                0x0020703c                nxt_lcd_command
 .text.nxt_lcd_set_col
                0x00207060       0x24 build/obj/nxt_lcd.c.o
                0x00207060                nxt_lcd_set_col
 .text.nxt_lcd_set_page_address
                0x00207084        0xc build/obj/nxt_lcd.c.o
                0x00207084                nxt_lcd_set_page_address
 .text.nxt_lcd_set_pot
                0x00207090       0x1c build/obj/nxt_lcd.c.o
                0x00207090                nxt_lcd_set_pot
 .text.nxt_lcd_reset
                0x002070ac        0x8 build/obj/nxt_lcd.c.o
                0x002070ac                nxt_lcd_reset
 .text.nxt_lcd_force_update
                0x002070b4       0x50 build/obj/nxt_lcd.c.o
                0x002070b4                nxt_lcd_force_update
 .text.nxt_lcd_update
                0x00207104       0x10 build/obj/nxt_lcd.c.o
                0x00207104                nxt_lcd_update
 .text.nxt_lcd_power_up
                0x00207114       0x5c build/obj/nxt_lcd.c.o
                0x00207114                nxt_lcd_power_up
 .text.nxt_lcd_power_down
                0x00207170        0x4 build/obj/nxt_lcd.c.o
                0x00207170                nxt_lcd_power_down
 .text.nxt_lcd_init
                0x00207174       0x1c build/obj/nxt_lcd.c.o
                0x00207174                nxt_lcd_init
 .text.spi_set_mode
                0x00207190       0x40 build/obj/nxt_spi.c.o
 .text.spi_isr_C_function
                0x002071d0       0x94 build/obj/nxt_spi.c.o
                0x002071d0                spi_isr_C_function
 .text.nxt_spi_init
                0x00207264      0x148 build/obj/nxt_spi.c.o
                0x00207264                nxt_spi_init
 .text.nxt_spi_write
                0x002073ac       0x58 build/obj/nxt_spi.c.o
                0x002073ac                nxt_spi_write
 .text.nxt_spi_set_display
                0x00207404       0x18 build/obj/nxt_spi.c.o
                0x00207404                nxt_spi_set_display
 .text.nxt_spi_refresh
                0x0020741c       0x30 build/obj/nxt_spi.c.o
                0x0020741c                nxt_spi_refresh
 .text.set_vol  0x0020744c       0xd8 build/obj/sound.c.o
 .text.sound_interrupt_enable
                0x00207524       0x24 build/obj/sound.c.o
                0x00207524                sound_interrupt_enable
 .text.sound_interrupt_disable
                0x00207548       0x20 build/obj/sound.c.o
                0x00207548                sound_interrupt_disable
 .text.sound_freq_vol
                0x00207568      0x1dc build/obj/sound.c.o
                0x00207568                sound_freq_vol
 .text.InitButtons
                0x00207744       0x40 build/obj/buttons.c.o
                0x00207744                InitButtons
 .text.check_buttons_status_function
                0x00207784       0x70 build/obj/buttons.c.o
                0x00207784                check_buttons_status_function
 .text          0x002077f4      0x114 /mnt/n7fs/nxt/gcc-arm-none-eabi-4_9-2015q3//lib/gcc/arm-none-eabi/4.9.3//libgcc.a(_udivsi3.o)
                0x002077f4                __udivsi3
                0x002077f4                __aeabi_uidiv
                0x002078e8                __aeabi_uidivmod
 .text          0x00207908      0x148 /mnt/n7fs/nxt/gcc-arm-none-eabi-4_9-2015q3//lib/gcc/arm-none-eabi/4.9.3//libgcc.a(_divsi3.o)
                0x00207908                __aeabi_idiv
                0x00207908                __divsi3
                0x00207a30                __aeabi_idivmod
 .text          0x00207a50        0x4 /mnt/n7fs/nxt/gcc-arm-none-eabi-4_9-2015q3//lib/gcc/arm-none-eabi/4.9.3//libgcc.a(_dvmd_tls.o)
                0x00207a50                __aeabi_ldiv0
                0x00207a50                __aeabi_idiv0
 .text          0x00207a54      0x41c /mnt/n7fs/nxt/gcc-arm-none-eabi-4_9-2015q3//lib/gcc/arm-none-eabi/4.9.3//libgcc.a(_arm_addsubdf3.o)
                0x00207a54                __aeabi_drsub
                0x00207a5c                __aeabi_dsub
                0x00207a5c                __subdf3
                0x00207a60                __adddf3
                0x00207a60                __aeabi_dadd
                0x00207d70                __aeabi_ui2d
                0x00207d70                __floatunsidf
                0x00207d94                __floatsidf
                0x00207d94                __aeabi_i2d
                0x00207dbc                __extendsfdf2
                0x00207dbc                __aeabi_f2d
                0x00207dfc                __aeabi_ul2d
                0x00207dfc                __floatundidf
                0x00207e10                __floatdidf
                0x00207e10                __aeabi_l2d
 .text          0x00207e70      0x49c /mnt/n7fs/nxt/gcc-arm-none-eabi-4_9-2015q3//lib/gcc/arm-none-eabi/4.9.3//libgcc.a(_arm_muldivdf3.o)
                0x00207e70                __aeabi_dmul
                0x00207e70                __muldf3
                0x00208100                __aeabi_ddiv
                0x00208100                __divdf3
 .text          0x0020830c       0x5c /mnt/n7fs/nxt/gcc-arm-none-eabi-4_9-2015q3//lib/gcc/arm-none-eabi/4.9.3//libgcc.a(_arm_fixdfsi.o)
                0x0020830c                __fixdfsi
                0x0020830c                __aeabi_d2iz
 .text          0x00208368       0xa0 /mnt/n7fs/nxt/gcc-arm-none-eabi-4_9-2015q3//lib/gcc/arm-none-eabi/4.9.3//libgcc.a(_arm_truncdfsf2.o)
                0x00208368                __aeabi_d2f
                0x00208368                __truncdfsf2
 .text          0x00208408      0x2ac /mnt/n7fs/nxt/gcc-arm-none-eabi-4_9-2015q3//lib/gcc/arm-none-eabi/4.9.3//libgcc.a(_arm_addsubsf3.o)
                0x00208408                __aeabi_frsub
                0x00208410                __subsf3
                0x00208410                __aeabi_fsub
                0x00208414                __aeabi_fadd
                0x00208414                __addsf3
                0x002085d0                __aeabi_ui2f
                0x002085d0                __floatunsisf
                0x002085d8                __aeabi_i2f
                0x002085d8                __floatsisf
                0x002085f8                __floatundisf
                0x002085f8                __aeabi_ul2f
                0x00208608                __floatdisf
                0x00208608                __aeabi_l2f
 .text          0x002086b4      0x2f8 /mnt/n7fs/nxt/gcc-arm-none-eabi-4_9-2015q3//lib/gcc/arm-none-eabi/4.9.3//libgcc.a(_arm_muldivsf3.o)
                0x002086b4                __mulsf3
                0x002086b4                __aeabi_fmul
                0x0020884c                __divsf3
                0x0020884c                __aeabi_fdiv
 .text          0x002089ac      0x114 /mnt/n7fs/nxt/gcc-arm-none-eabi-4_9-2015q3//lib/gcc/arm-none-eabi/4.9.3//libgcc.a(_arm_cmpsf2.o)
                0x002089ac                __gtsf2
                0x002089ac                __gesf2
                0x002089b4                __lesf2
                0x002089b4                __ltsf2
                0x002089bc                __nesf2
                0x002089bc                __eqsf2
                0x002089bc                __cmpsf2
                0x00208a20                __aeabi_cfrcmple
                0x00208a30                __aeabi_cfcmple
                0x00208a30                __aeabi_cfcmpeq
                0x00208a48                __aeabi_fcmpeq
                0x00208a60                __aeabi_fcmplt
                0x00208a78                __aeabi_fcmple
                0x00208a90                __aeabi_fcmpge
                0x00208aa8                __aeabi_fcmpgt
 .text          0x00208ac0       0x5c /mnt/n7fs/nxt/gcc-arm-none-eabi-4_9-2015q3//lib/gcc/arm-none-eabi/4.9.3//libgcc.a(_arm_fixsfsi.o)
                0x00208ac0                __fixsfsi
                0x00208ac0                __aeabi_f2iz
 .text.memcpy   0x00208b1c       0xf0 /mnt/n7fs/nxt/gcc-arm-none-eabi-4_9-2015q3//arm-none-eabi/lib/libc.a(lib_a-memcpy.o)
                0x00208b1c                memcpy
 .text.memset   0x00208c0c       0xf4 /mnt/n7fs/nxt/gcc-arm-none-eabi-4_9-2015q3//arm-none-eabi/lib/libc.a(lib_a-memset.o)
                0x00208c0c                memset
 .text.strlen   0x00208d00       0x60 /mnt/n7fs/nxt/gcc-arm-none-eabi-4_9-2015q3//arm-none-eabi/lib/libc.a(lib_a-strlen.o)
                0x00208d00                strlen
                0x00208d60                . = ALIGN (0x10)
                0x00200080                __ramtext_ram_start__ = ADDR (ostext)
                0x00208d60                __ramtext_ram_end__ = (ADDR (text_garbage) + SIZEOF (text_garbage))
                0x00200080                __ramtext_load_start__ = LOADADDR (ostext)
                0x00208d58                __ramtext_load_end__ = ((((((((((__ramtext_load_start__ + SIZEOF (ostext)) + SIZEOF (osconst)) + SIZEOF (osvars)) + SIZEOF (apptext)) + SIZEOF (appconst)) + SIZEOF (procconst)) + SIZEOF (procvars)) + SIZEOF (procstack)) + SIZEOF (appvars)) + SIZEOF (text_garbage))

.data           0x00208d60      0x500
 *(*.data *.data.*)
 .data.distance_state
                0x00208d60       0x10 build/obj/ecrobot_interface.c.o
 .data.bt_status
                0x00208d70        0x1 build/obj/ecrobot_bluetooth.c.o
 *fill*         0x00208d71        0x3 
 .data.display_auto_update
                0x00208d74        0x4 build/obj/display.c.o
                0x00208d74                display_auto_update
 .bss.data      0x00208d78        0x4 build/obj/nxt_spi.c.o
                0x00208d78                data
 .data.mode     0x00208d7c        0x1 build/obj/nxt_spi.c.o
                0x00208d7c                mode
 *fill*         0x00208d7d        0x3 
 .data.isr_button_right_isr_helper
                0x00208d80        0xc build/obj/tpl_app_config.c.o
                0x00208d80                isr_button_right_isr_helper
 .data.isr_button_start_isr_helper
                0x00208d8c        0xc build/obj/tpl_app_config.c.o
                0x00208d8c                isr_button_start_isr_helper
 .data.isr_button_left_isr_helper
                0x00208d98        0xc build/obj/tpl_app_config.c.o
                0x00208d98                isr_button_left_isr_helper
 .data.isr_button_stop_isr_helper
                0x00208da4        0xc build/obj/tpl_app_config.c.o
                0x00208da4                isr_button_stop_isr_helper
 *(.rodata)
 .rodata        0x00208db0       0x10 build/obj/nxtSegway.c.o
 .rodata        0x00208dc0       0x20 build/obj/sensors.c.o
 *(.rodata*)
 .rodata.str1.1
                0x00208de0       0x68 build/obj/nxtSegway.c.o
 .rodata.str1.1
                0x00208e48       0x54 build/obj/nxt_exception_catch.c.o
 .rodata.str1.1
                0x00208e9c       0x6d build/obj/ecrobot_interface.c.o
 .rodata.avr_brainwash_string
                0x00208f09       0x30 build/obj/nxt_avr.c.o
                0x00208f09                avr_brainwash_string
 *fill*         0x00208f39        0x3 
 .rodata.i2c_pin
                0x00208f3c       0x20 build/obj/i2c.c.o
 .rodata.str1.1
                0x00208f5c       0x67 build/obj/display.c.o
 .rodata.font   0x00208fc3      0x280 build/obj/display.c.o
 .rodata.sine   0x00209243       0x10 build/obj/sound.c.o
                0x00209243                sine
 .rodata.logvol
                0x00209253        0xc build/obj/sound.c.o
                0x00209253                logvol
                0x00209260                . = ALIGN (0x10)
 *fill*         0x0020925f        0x1 

.igot.plt       0x00209260        0x0
 .igot.plt      0x00000000        0x0 build/obj/nxtSegway.c.o

.bss            0x00209260      0x915
 *(.bss)
 *(.bss*)
 .bss.ue        0x00209260        0x4 build/obj/nxtSegway.c.o
                0x00209260                ue
 .bss.xe        0x00209264       0x10 build/obj/nxtSegway.c.o
                0x00209264                xe
 .bss.nxtSegway_mode
                0x00209274        0x1 build/obj/nxtSegway.c.o
                0x00209274                nxtSegway_mode
 *fill*         0x00209275        0x3 
 .bss.previous_time
                0x00209278        0x4 build/obj/tools.c.o
                0x00209278                previous_time
 .bss.tpl_it_nesting.5301
                0x0020927c        0x4 build/obj/tpl_os_it_kernel.c.o
 .bss.tpl_counters_enabled
                0x00209280        0x1 build/obj/tpl_os_timeobj_kernel.c.o
 *fill*         0x00209281        0x3 
 .bss.saved_psr
                0x00209284        0x4 build/obj/nxt_exception_catch.c.o
                0x00209284                saved_psr
 .bss.exception_catch_id
                0x00209288        0x4 build/obj/nxt_exception_catch.c.o
                0x00209288                exception_catch_id
 .bss.exception_catch_pc
                0x0020928c        0x4 build/obj/nxt_exception_catch.c.o
                0x0020928c                exception_catch_pc
 .bss.ecrobot_inputs
                0x00209290        0x8 build/obj/ecrobot_interface.c.o
 .bss.buttons_states
                0x00209298       0x14 build/obj/ecrobot_interface.c.o
 .bss.buttons_i
                0x002092ac        0x4 build/obj/ecrobot_interface.c.o
 .bss.handle    0x002092b0        0x1 build/obj/ecrobot_bluetooth.c.o
 .bss.sendBuf   0x002092b1       0xfe build/obj/ecrobot_bluetooth.c.o
 *fill*         0x002093af        0x1 
 .bss.update_count
                0x002093b0        0x4 build/obj/nxt_avr.c.o
 .bss.debounce_state
                0x002093b4        0x2 build/obj/nxt_avr.c.o
 .bss.button_state
                0x002093b6        0x2 build/obj/nxt_avr.c.o
 .bss.from_buf  0x002093b8        0x4 build/obj/nxt_avr.c.o
 .bss.io_from_avr
                0x002093bc        0x4 build/obj/nxt_avr.c.o
 .bss.data_from_avr
                0x002093c0       0x1a build/obj/nxt_avr.c.o
 .bss.debounce_cnt
                0x002093da        0x2 build/obj/nxt_avr.c.o
 .bss.nxt_avr_stats
                0x002093dc       0x14 build/obj/nxt_avr.c.o
 .bss.link_state
                0x002093f0        0x4 build/obj/nxt_avr.c.o
 .bss.io_to_avr
                0x002093f4        0x8 build/obj/nxt_avr.c.o
 .bss.prev_buttons
                0x002093fc        0x2 build/obj/nxt_avr.c.o
 .bss.data_to_avr
                0x002093fe        0x9 build/obj/nxt_avr.c.o
 *fill*         0x00209407        0x1 
 .bss.i2c_port  0x00209408      0x170 build/obj/i2c.c.o
 .bss.i2c_int_count
                0x00209578        0x4 build/obj/i2c.c.o
 .bss.systick_ms
                0x0020957c        0x4 build/obj/systick.c.o
 .bss.motor     0x00209580       0x30 build/obj/nxt_motors.c.o
 .bss.nxt_motor_initialised
                0x002095b0        0x4 build/obj/nxt_motors.c.o
 .bss.interrupts_this_period
                0x002095b4        0x4 build/obj/nxt_motors.c.o
 .bss.bt_state  0x002095b8        0x1 build/obj/bt.c.o
                0x002095b8                bt_state
 .bss.out_buf_ptr
                0x002095b9        0x1 build/obj/bt.c.o
 .bss.out_buf   0x002095ba      0x200 build/obj/bt.c.o
 *fill*         0x002097ba        0x2 
 .bss.buf_ptr   0x002097bc        0x4 build/obj/bt.c.o
 .bss.bt_frame_received
                0x002097c0        0x1 build/obj/bt.c.o
                0x002097c0                bt_frame_received
 *fill*         0x002097c1        0x1 
 .bss.bt_length
                0x002097c2        0x2 build/obj/bt.c.o
                0x002097c2                bt_length
 .bss.in_buf_in_ptr
                0x002097c4        0x1 build/obj/bt.c.o
 *fill*         0x002097c5        0x3 
 .bss.in_buf_idx
                0x002097c8        0x4 build/obj/bt.c.o
 .bss.display_array
                0x002097cc      0x388 build/obj/display.c.o
 .bss.display_tick
                0x00209b54        0x4 build/obj/display.c.o
                0x00209b54                display_tick
 .bss.twi_state
                0x00209b58        0x1 build/obj/twi.c.o
 *fill*         0x00209b59        0x3 
 .bss.twi_ptr   0x00209b5c        0x4 build/obj/twi.c.o
 .bss.twi_pending
                0x00209b60        0x4 build/obj/twi.c.o
 .bss.twi_mask  0x00209b64        0x4 build/obj/twi.c.o
 .bss.display   0x00209b68        0x4 build/obj/nxt_lcd.c.o
 .bss.dirty     0x00209b6c        0x1 build/obj/nxt_spi.c.o
                0x00209b6c                dirty
 .bss.page      0x00209b6d        0x1 build/obj/nxt_spi.c.o
                0x00209b6d                page
 *fill*         0x00209b6e        0x2 
 .bss.display   0x00209b70        0x4 build/obj/nxt_spi.c.o
                0x00209b70                display
 .bss.sound_mode
                0x00209b74        0x1 build/obj/sound.c.o
                0x00209b74                sound_mode
                0x00209b80                . = ALIGN (0x10)

garbage         0x00209b78      0x4d0
 *(COMMON)
 COMMON         0x00209b78       0x2c build/obj/nxtSegway.c.o
                0x00209b78                x
                0x00209b88                avg_cnt
                0x00209b8c                setpoint
                0x00209b90                gyro_offset_sum
                0x00209b94                gyro_offset
                0x00209b98                y
                0x00209ba0                u
 COMMON         0x00209ba4      0x180 build/obj/bt.c.o
                0x00209ba4                in_buf
                0x00209ca4                bt_frame
 COMMON         0x00209d24        0x8 build/obj/display.c.o
                0x00209d24                display_x
                0x00209d28                display_y
 COMMON         0x00209d2c      0x31c build/obj/sound.c.o
                0x00209d2c                sample
                0x00208d60                __data_ram_start__ = ADDR (.data)
                0x0020a048                __data_ram_end__ = (ADDR (garbage) + SIZEOF (garbage))
                0x00208d60                __data_load_start__ = LOADADDR (.data)
                0x0020a045                __data_load_end__ = (((__data_load_start__ + SIZEOF (.data)) + SIZEOF (.bss)) + SIZEOF (garbage))

.comment        0x0020a048       0x70
 *(.glue_7*)
 .glue_7        0x00000000        0x0 linker stubs
 .glue_7t       0x00000000        0x0 linker stubs
 *(.comment)
 .comment       0x0020a048       0x70 build/obj/nxtSegway.c.o
                                 0x71 (size before relaxing)
 .comment       0x00000000       0x71 build/obj/tools.c.o
 .comment       0x00000000       0x71 build/obj/tpl_dispatch_table.c.o
 .comment       0x00000000       0x71 build/obj/tpl_os_alarm_kernel.c.o
 .comment       0x00000000       0x71 build/obj/tpl_os_event_kernel.c.o
 .comment       0x00000000       0x71 build/obj/tpl_os_it_kernel.c.o
 .comment       0x00000000       0x71 build/obj/tpl_os_rez_kernel.c.o
 .comment       0x00000000       0x71 build/obj/tpl_os_task_kernel.c.o
 .comment       0x00000000       0x71 build/obj/tpl_os_timeobj_kernel.c.o
 .comment       0x00000000       0x71 build/obj/tpl_os_kernel.c.o
 .comment       0x00000000       0x71 build/obj/tpl_os_action.c.o
 .comment       0x00000000       0x71 build/obj/tpl_os.c.o
 .comment       0x00000000       0x71 build/obj/tpl_machine_arm_generic.c.o
 .comment       0x00000000       0x71 build/obj/nxt_tpl_stubs.c.o
 .comment       0x00000000       0x71 build/obj/nxt_irq.c.o
 .comment       0x00000000       0x71 build/obj/nxt_exception_catch.c.o
 .comment       0x00000000       0x71 build/obj/ecrobot_interface.c.o
 .comment       0x00000000       0x71 build/obj/ecrobot_bluetooth.c.o
 .comment       0x00000000       0x71 build/obj/ecrobot_HiTechnic.c.o
 .comment       0x00000000       0x71 build/obj/flash_loader.c.o
 .comment       0x00000000       0x71 build/obj/aic.c.o
 .comment       0x00000000       0x71 build/obj/nxt_avr.c.o
 .comment       0x00000000       0x71 build/obj/i2c.c.o
 .comment       0x00000000       0x71 build/obj/systick.c.o
 .comment       0x00000000       0x71 build/obj/nxt_motors.c.o
 .comment       0x00000000       0x71 build/obj/bt.c.o
 .comment       0x00000000       0x71 build/obj/display.c.o
 .comment       0x00000000       0x71 build/obj/sensors.c.o
 .comment       0x00000000       0x71 build/obj/twi.c.o
 .comment       0x00000000       0x71 build/obj/nxt_lcd.c.o
 .comment       0x00000000       0x71 build/obj/nxt_spi.c.o
 .comment       0x00000000       0x71 build/obj/sound.c.o
 .comment       0x00000000       0x71 build/obj/buttons.c.o
 .comment       0x00000000       0x71 build/obj/tpl_app_config.c.o
OUTPUT(nxtSegway_exe elf32-littlearm)

.ARM.attributes
                0x00000000       0x2e
 .ARM.attributes
                0x00000000       0x30 build/obj/nxtSegway.c.o
 .ARM.attributes
                0x00000030       0x30 build/obj/tools.c.o
 .ARM.attributes
                0x00000060       0x30 build/obj/tpl_dispatch_table.c.o
 .ARM.attributes
                0x00000090       0x20 build/obj/tpl_invoque.S.o
 .ARM.attributes
                0x000000b0       0x30 build/obj/tpl_os_alarm_kernel.c.o
 .ARM.attributes
                0x000000e0       0x30 build/obj/tpl_os_event_kernel.c.o
 .ARM.attributes
                0x00000110       0x30 build/obj/tpl_os_it_kernel.c.o
 .ARM.attributes
                0x00000140       0x30 build/obj/tpl_os_rez_kernel.c.o
 .ARM.attributes
                0x00000170       0x30 build/obj/tpl_os_task_kernel.c.o
 .ARM.attributes
                0x000001a0       0x30 build/obj/tpl_os_timeobj_kernel.c.o
 .ARM.attributes
                0x000001d0       0x30 build/obj/tpl_os_kernel.c.o
 .ARM.attributes
                0x00000200       0x30 build/obj/tpl_os_action.c.o
 .ARM.attributes
                0x00000230       0x30 build/obj/tpl_os.c.o
 .ARM.attributes
                0x00000260       0x30 build/obj/tpl_machine_arm_generic.c.o
 .ARM.attributes
                0x00000290       0x20 build/obj/tpl_irq.S.o
 .ARM.attributes
                0x000002b0       0x20 build/obj/tpl_system_call.S.o
 .ARM.attributes
                0x000002d0       0x20 build/obj/tpl_stacks.S.o
 .ARM.attributes
                0x000002f0       0x20 build/obj/tpl_vector_table.s.o
 .ARM.attributes
                0x00000310       0x20 build/obj/nxt_tpl_sleep.S.o
 .ARM.attributes
                0x00000330       0x30 build/obj/nxt_tpl_stubs.c.o
 .ARM.attributes
                0x00000360       0x30 build/obj/nxt_irq.c.o
 .ARM.attributes
                0x00000390       0x20 build/obj/nxt_exception_catch.S.o
 .ARM.attributes
                0x000003b0       0x20 build/obj/nxt_bootstrap_stage1.S.o
 .ARM.attributes
                0x000003d0       0x30 build/obj/nxt_exception_catch.c.o
 .ARM.attributes
                0x00000400       0x20 build/obj/nxt_binary_header.s.o
 .ARM.attributes
                0x00000420       0x20 build/obj/nxt_entry_point.s.o
 .ARM.attributes
                0x00000440       0x20 build/obj/interrupts.s.o
 .ARM.attributes
                0x00000460       0x30 build/obj/ecrobot_interface.c.o
 .ARM.attributes
                0x00000490       0x30 build/obj/ecrobot_bluetooth.c.o
 .ARM.attributes
                0x000004c0       0x30 build/obj/ecrobot_HiTechnic.c.o
 .ARM.attributes
                0x000004f0       0x30 build/obj/flash_loader.c.o
 .ARM.attributes
                0x00000520       0x30 build/obj/aic.c.o
 .ARM.attributes
                0x00000550       0x30 build/obj/nxt_avr.c.o
 .ARM.attributes
                0x00000580       0x30 build/obj/i2c.c.o
 .ARM.attributes
                0x000005b0       0x30 build/obj/systick.c.o
 .ARM.attributes
                0x000005e0       0x30 build/obj/nxt_motors.c.o
 .ARM.attributes
                0x00000610       0x30 build/obj/bt.c.o
 .ARM.attributes
                0x00000640       0x30 build/obj/display.c.o
 .ARM.attributes
                0x00000670       0x30 build/obj/sensors.c.o
 .ARM.attributes
                0x000006a0       0x30 build/obj/twi.c.o
 .ARM.attributes
                0x000006d0       0x30 build/obj/nxt_lcd.c.o
 .ARM.attributes
                0x00000700       0x30 build/obj/nxt_spi.c.o
 .ARM.attributes
                0x00000730       0x30 build/obj/sound.c.o
 .ARM.attributes
                0x00000760       0x30 build/obj/buttons.c.o
 .ARM.attributes
                0x00000790       0x30 build/obj/tpl_app_config.c.o
 .ARM.attributes
                0x000007c0       0x18 /mnt/n7fs/nxt/gcc-arm-none-eabi-4_9-2015q3//lib/gcc/arm-none-eabi/4.9.3//libgcc.a(_udivsi3.o)
 .ARM.attributes
                0x000007d8       0x18 /mnt/n7fs/nxt/gcc-arm-none-eabi-4_9-2015q3//lib/gcc/arm-none-eabi/4.9.3//libgcc.a(_divsi3.o)
 .ARM.attributes
                0x000007f0       0x18 /mnt/n7fs/nxt/gcc-arm-none-eabi-4_9-2015q3//lib/gcc/arm-none-eabi/4.9.3//libgcc.a(_dvmd_tls.o)
 .ARM.attributes
                0x00000808       0x18 /mnt/n7fs/nxt/gcc-arm-none-eabi-4_9-2015q3//lib/gcc/arm-none-eabi/4.9.3//libgcc.a(_arm_addsubdf3.o)
 .ARM.attributes
                0x00000820       0x18 /mnt/n7fs/nxt/gcc-arm-none-eabi-4_9-2015q3//lib/gcc/arm-none-eabi/4.9.3//libgcc.a(_arm_muldivdf3.o)
 .ARM.attributes
                0x00000838       0x18 /mnt/n7fs/nxt/gcc-arm-none-eabi-4_9-2015q3//lib/gcc/arm-none-eabi/4.9.3//libgcc.a(_arm_fixdfsi.o)
 .ARM.attributes
                0x00000850       0x18 /mnt/n7fs/nxt/gcc-arm-none-eabi-4_9-2015q3//lib/gcc/arm-none-eabi/4.9.3//libgcc.a(_arm_truncdfsf2.o)
 .ARM.attributes
                0x00000868       0x18 /mnt/n7fs/nxt/gcc-arm-none-eabi-4_9-2015q3//lib/gcc/arm-none-eabi/4.9.3//libgcc.a(_arm_addsubsf3.o)
 .ARM.attributes
                0x00000880       0x18 /mnt/n7fs/nxt/gcc-arm-none-eabi-4_9-2015q3//lib/gcc/arm-none-eabi/4.9.3//libgcc.a(_arm_muldivsf3.o)
 .ARM.attributes
                0x00000898       0x18 /mnt/n7fs/nxt/gcc-arm-none-eabi-4_9-2015q3//lib/gcc/arm-none-eabi/4.9.3//libgcc.a(_arm_cmpsf2.o)
 .ARM.attributes
                0x000008b0       0x18 /mnt/n7fs/nxt/gcc-arm-none-eabi-4_9-2015q3//lib/gcc/arm-none-eabi/4.9.3//libgcc.a(_arm_fixsfsi.o)
 .ARM.attributes
                0x000008c8       0x30 /mnt/n7fs/nxt/gcc-arm-none-eabi-4_9-2015q3//arm-none-eabi/lib/libc.a(lib_a-memcpy.o)
 .ARM.attributes
                0x000008f8       0x30 /mnt/n7fs/nxt/gcc-arm-none-eabi-4_9-2015q3//arm-none-eabi/lib/libc.a(lib_a-memset.o)
 .ARM.attributes
                0x00000928       0x30 /mnt/n7fs/nxt/gcc-arm-none-eabi-4_9-2015q3//arm-none-eabi/lib/libc.a(lib_a-strlen.o)

.vfp11_veneer   0x0020a0b8        0x0 load address 0x00000958
 .vfp11_veneer  0x00000000        0x0 linker stubs

.v4_bx          0x0020a0b8        0x0 load address 0x00000958
 .v4_bx         0x00000000        0x0 linker stubs

.iplt           0x0020a0b8        0x0 load address 0x00000958
 .iplt          0x00000000        0x0 build/obj/nxtSegway.c.o

.rel.dyn        0x0020a0b8        0x0 load address 0x00000958
 .rel.iplt      0x00000000        0x0 build/obj/nxtSegway.c.o

.debug_info     0x00000000    0x10fc7
 .debug_info    0x00000000      0x904 build/obj/nxtSegway.c.o
 .debug_info    0x00000904      0x855 build/obj/tools.c.o
 .debug_info    0x00001159      0x2bb build/obj/tpl_dispatch_table.c.o
 .debug_info    0x00001414       0x75 build/obj/tpl_invoque.S.o
 .debug_info    0x00001489      0x803 build/obj/tpl_os_alarm_kernel.c.o
 .debug_info    0x00001c8c      0x6f3 build/obj/tpl_os_event_kernel.c.o
 .debug_info    0x0000237f      0x992 build/obj/tpl_os_it_kernel.c.o
 .debug_info    0x00002d11      0x72c build/obj/tpl_os_rez_kernel.c.o
 .debug_info    0x0000343d      0x7eb build/obj/tpl_os_task_kernel.c.o
 .debug_info    0x00003c28      0x639 build/obj/tpl_os_timeobj_kernel.c.o
 .debug_info    0x00004261      0xe76 build/obj/tpl_os_kernel.c.o
 .debug_info    0x000050d7      0x4c4 build/obj/tpl_os_action.c.o
 .debug_info    0x0000559b      0x302 build/obj/tpl_os.c.o
 .debug_info    0x0000589d      0x68b build/obj/tpl_machine_arm_generic.c.o
 .debug_info    0x00005f28       0x92 build/obj/tpl_irq.S.o
 .debug_info    0x00005fba       0x9a build/obj/tpl_system_call.S.o
 .debug_info    0x00006054       0x9b build/obj/tpl_vector_table.s.o
 .debug_info    0x000060ef       0x9c build/obj/nxt_tpl_sleep.S.o
 .debug_info    0x0000618b      0x407 build/obj/nxt_tpl_stubs.c.o
 .debug_info    0x00006592      0x37a build/obj/nxt_irq.c.o
 .debug_info    0x0000690c       0xa2 build/obj/nxt_exception_catch.S.o
 .debug_info    0x000069ae       0xa3 build/obj/nxt_bootstrap_stage1.S.o
 .debug_info    0x00006a51      0x1dd build/obj/nxt_exception_catch.c.o
 .debug_info    0x00006c2e       0x9e build/obj/nxt_entry_point.s.o
 .debug_info    0x00006ccc       0x99 build/obj/interrupts.s.o
 .debug_info    0x00006d65     0x202a build/obj/ecrobot_interface.c.o
 .debug_info    0x00008d8f      0xdfd build/obj/ecrobot_bluetooth.c.o
 .debug_info    0x00009b8c      0x988 build/obj/ecrobot_HiTechnic.c.o
 .debug_info    0x0000a514      0xa3f build/obj/flash_loader.c.o
 .debug_info    0x0000af53      0x945 build/obj/aic.c.o
 .debug_info    0x0000b898      0x695 build/obj/nxt_avr.c.o
 .debug_info    0x0000bf2d      0x6ca build/obj/i2c.c.o
 .debug_info    0x0000c5f7      0x2ed build/obj/systick.c.o
 .debug_info    0x0000c8e4      0x3d0 build/obj/nxt_motors.c.o
 .debug_info    0x0000ccb4      0x851 build/obj/bt.c.o
 .debug_info    0x0000d505      0x9f3 build/obj/display.c.o
 .debug_info    0x0000def8      0x66c build/obj/sensors.c.o
 .debug_info    0x0000e564      0x2f5 build/obj/twi.c.o
 .debug_info    0x0000e859      0x807 build/obj/nxt_lcd.c.o
 .debug_info    0x0000f060      0x2ea build/obj/nxt_spi.c.o
 .debug_info    0x0000f34a      0x7c6 build/obj/sound.c.o
 .debug_info    0x0000fb10      0x44b build/obj/buttons.c.o
 .debug_info    0x0000ff5b     0x106c build/obj/tpl_app_config.c.o

.debug_abbrev   0x00000000     0x4803
 .debug_abbrev  0x00000000      0x274 build/obj/nxtSegway.c.o
 .debug_abbrev  0x00000274      0x2bf build/obj/tools.c.o
 .debug_abbrev  0x00000533       0xe8 build/obj/tpl_dispatch_table.c.o
 .debug_abbrev  0x0000061b       0x14 build/obj/tpl_invoque.S.o
 .debug_abbrev  0x0000062f      0x21e build/obj/tpl_os_alarm_kernel.c.o
 .debug_abbrev  0x0000084d      0x198 build/obj/tpl_os_event_kernel.c.o
 .debug_abbrev  0x000009e5      0x31f build/obj/tpl_os_it_kernel.c.o
 .debug_abbrev  0x00000d04      0x1d0 build/obj/tpl_os_rez_kernel.c.o
 .debug_abbrev  0x00000ed4      0x24b build/obj/tpl_os_task_kernel.c.o
 .debug_abbrev  0x0000111f      0x20c build/obj/tpl_os_timeobj_kernel.c.o
 .debug_abbrev  0x0000132b      0x291 build/obj/tpl_os_kernel.c.o
 .debug_abbrev  0x000015bc      0x15e build/obj/tpl_os_action.c.o
 .debug_abbrev  0x0000171a      0x143 build/obj/tpl_os.c.o
 .debug_abbrev  0x0000185d      0x1c6 build/obj/tpl_machine_arm_generic.c.o
 .debug_abbrev  0x00001a23       0x14 build/obj/tpl_irq.S.o
 .debug_abbrev  0x00001a37       0x14 build/obj/tpl_system_call.S.o
 .debug_abbrev  0x00001a4b       0x14 build/obj/tpl_vector_table.s.o
 .debug_abbrev  0x00001a5f       0x14 build/obj/nxt_tpl_sleep.S.o
 .debug_abbrev  0x00001a73      0x152 build/obj/nxt_tpl_stubs.c.o
 .debug_abbrev  0x00001bc5      0x155 build/obj/nxt_irq.c.o
 .debug_abbrev  0x00001d1a       0x14 build/obj/nxt_exception_catch.S.o
 .debug_abbrev  0x00001d2e       0x14 build/obj/nxt_bootstrap_stage1.S.o
 .debug_abbrev  0x00001d42       0xbf build/obj/nxt_exception_catch.c.o
 .debug_abbrev  0x00001e01       0x14 build/obj/nxt_entry_point.s.o
 .debug_abbrev  0x00001e15       0x14 build/obj/interrupts.s.o
 .debug_abbrev  0x00001e29      0x405 build/obj/ecrobot_interface.c.o
 .debug_abbrev  0x0000222e      0x3e8 build/obj/ecrobot_bluetooth.c.o
 .debug_abbrev  0x00002616      0x21e build/obj/ecrobot_HiTechnic.c.o
 .debug_abbrev  0x00002834      0x268 build/obj/flash_loader.c.o
 .debug_abbrev  0x00002a9c      0x11f build/obj/aic.c.o
 .debug_abbrev  0x00002bbb      0x26c build/obj/nxt_avr.c.o
 .debug_abbrev  0x00002e27      0x2a7 build/obj/i2c.c.o
 .debug_abbrev  0x000030ce      0x126 build/obj/systick.c.o
 .debug_abbrev  0x000031f4      0x1b7 build/obj/nxt_motors.c.o
 .debug_abbrev  0x000033ab      0x2fd build/obj/bt.c.o
 .debug_abbrev  0x000036a8      0x387 build/obj/display.c.o
 .debug_abbrev  0x00003a2f      0x1de build/obj/sensors.c.o
 .debug_abbrev  0x00003c0d      0x159 build/obj/twi.c.o
 .debug_abbrev  0x00003d66      0x1ba build/obj/nxt_lcd.c.o
 .debug_abbrev  0x00003f20      0x1ab build/obj/nxt_spi.c.o
 .debug_abbrev  0x000040cb      0x359 build/obj/sound.c.o
 .debug_abbrev  0x00004424      0x19e build/obj/buttons.c.o
 .debug_abbrev  0x000045c2      0x241 build/obj/tpl_app_config.c.o

.debug_loc      0x00000000     0x4cab
 .debug_loc     0x00000000      0x160 build/obj/nxtSegway.c.o
 .debug_loc     0x00000160      0x54a build/obj/tools.c.o
 .debug_loc     0x000006aa      0x364 build/obj/tpl_os_alarm_kernel.c.o
 .debug_loc     0x00000a0e      0x126 build/obj/tpl_os_event_kernel.c.o
 .debug_loc     0x00000b34       0x89 build/obj/tpl_os_it_kernel.c.o
 .debug_loc     0x00000bbd       0xf3 build/obj/tpl_os_rez_kernel.c.o
 .debug_loc     0x00000cb0      0x119 build/obj/tpl_os_task_kernel.c.o
 .debug_loc     0x00000dc9      0x197 build/obj/tpl_os_timeobj_kernel.c.o
 .debug_loc     0x00000f60      0x36d build/obj/tpl_os_kernel.c.o
 .debug_loc     0x000012cd       0xac build/obj/tpl_os_action.c.o
 .debug_loc     0x00001379       0x21 build/obj/tpl_os.c.o
 .debug_loc     0x0000139a       0x55 build/obj/tpl_machine_arm_generic.c.o
 .debug_loc     0x000013ef       0x13 build/obj/nxt_irq.c.o
 .debug_loc     0x00001402      0xdb9 build/obj/ecrobot_interface.c.o
 .debug_loc     0x000021bb      0x58d build/obj/ecrobot_bluetooth.c.o
 .debug_loc     0x00002748      0x303 build/obj/ecrobot_HiTechnic.c.o
 .debug_loc     0x00002a4b      0x203 build/obj/flash_loader.c.o
 .debug_loc     0x00002c4e      0x173 build/obj/aic.c.o
 .debug_loc     0x00002dc1      0x237 build/obj/nxt_avr.c.o
 .debug_loc     0x00002ff8      0x494 build/obj/i2c.c.o
 .debug_loc     0x0000348c       0x60 build/obj/systick.c.o
 .debug_loc     0x000034ec      0x1d3 build/obj/nxt_motors.c.o
 .debug_loc     0x000036bf      0x419 build/obj/bt.c.o
 .debug_loc     0x00003ad8      0x50a build/obj/display.c.o
 .debug_loc     0x00003fe2      0x168 build/obj/sensors.c.o
 .debug_loc     0x0000414a      0x16b build/obj/twi.c.o
 .debug_loc     0x000042b5      0x2b2 build/obj/nxt_lcd.c.o
 .debug_loc     0x00004567       0xda build/obj/nxt_spi.c.o
 .debug_loc     0x00004641      0x5e2 build/obj/sound.c.o
 .debug_loc     0x00004c23       0x69 build/obj/buttons.c.o
 .debug_loc     0x00004c8c       0x1f build/obj/tpl_app_config.c.o

.debug_aranges  0x00000000      0xde0
 .debug_aranges
                0x00000000       0x60 build/obj/nxtSegway.c.o
 .debug_aranges
                0x00000060       0x68 build/obj/tools.c.o
 .debug_aranges
                0x000000c8       0x18 build/obj/tpl_dispatch_table.c.o
 .debug_aranges
                0x000000e0       0x20 build/obj/tpl_invoque.S.o
 .debug_aranges
                0x00000100       0x48 build/obj/tpl_os_alarm_kernel.c.o
 .debug_aranges
                0x00000148       0x38 build/obj/tpl_os_event_kernel.c.o
 .debug_aranges
                0x00000180       0x80 build/obj/tpl_os_it_kernel.c.o
 .debug_aranges
                0x00000200       0x30 build/obj/tpl_os_rez_kernel.c.o
 .debug_aranges
                0x00000230       0x48 build/obj/tpl_os_task_kernel.c.o
 .debug_aranges
                0x00000278       0x38 build/obj/tpl_os_timeobj_kernel.c.o
 .debug_aranges
                0x000002b0       0xb0 build/obj/tpl_os_kernel.c.o
 .debug_aranges
                0x00000360       0x30 build/obj/tpl_os_action.c.o
 .debug_aranges
                0x00000390       0x20 build/obj/tpl_os.c.o
 .debug_aranges
                0x000003b0       0x50 build/obj/tpl_machine_arm_generic.c.o
 .debug_aranges
                0x00000400       0x20 build/obj/tpl_irq.S.o
 .debug_aranges
                0x00000420       0x20 build/obj/tpl_system_call.S.o
 .debug_aranges
                0x00000440       0x20 build/obj/tpl_vector_table.s.o
 .debug_aranges
                0x00000460       0x20 build/obj/nxt_tpl_sleep.S.o
 .debug_aranges
                0x00000480       0x28 build/obj/nxt_tpl_stubs.c.o
 .debug_aranges
                0x000004a8       0x28 build/obj/nxt_irq.c.o
 .debug_aranges
                0x000004d0       0x20 build/obj/nxt_exception_catch.S.o
 .debug_aranges
                0x000004f0       0x20 build/obj/nxt_bootstrap_stage1.S.o
 .debug_aranges
                0x00000510       0x20 build/obj/nxt_exception_catch.c.o
 .debug_aranges
                0x00000530       0x20 build/obj/nxt_entry_point.s.o
 .debug_aranges
                0x00000550       0x20 build/obj/interrupts.s.o
 .debug_aranges
                0x00000570      0x168 build/obj/ecrobot_interface.c.o
 .debug_aranges
                0x000006d8       0x90 build/obj/ecrobot_bluetooth.c.o
 .debug_aranges
                0x00000768       0x88 build/obj/ecrobot_HiTechnic.c.o
 .debug_aranges
                0x000007f0       0x50 build/obj/flash_loader.c.o
 .debug_aranges
                0x00000840       0x40 build/obj/aic.c.o
 .debug_aranges
                0x00000880       0x68 build/obj/nxt_avr.c.o
 .debug_aranges
                0x000008e8       0x48 build/obj/i2c.c.o
 .debug_aranges
                0x00000930       0x60 build/obj/systick.c.o
 .debug_aranges
                0x00000990       0x58 build/obj/nxt_motors.c.o
 .debug_aranges
                0x000009e8       0x88 build/obj/bt.c.o
 .debug_aranges
                0x00000a70       0x98 build/obj/display.c.o
 .debug_aranges
                0x00000b08       0x58 build/obj/sensors.c.o
 .debug_aranges
                0x00000b60       0x48 build/obj/twi.c.o
 .debug_aranges
                0x00000ba8       0xd0 build/obj/nxt_lcd.c.o
 .debug_aranges
                0x00000c78       0x48 build/obj/nxt_spi.c.o
 .debug_aranges
                0x00000cc0       0x78 build/obj/sound.c.o
 .debug_aranges
                0x00000d38       0x28 build/obj/buttons.c.o
 .debug_aranges
                0x00000d60       0x80 build/obj/tpl_app_config.c.o

.debug_ranges   0x00000000      0xd08
 .debug_ranges  0x00000000       0x68 build/obj/nxtSegway.c.o
 .debug_ranges  0x00000068       0x58 build/obj/tools.c.o
 .debug_ranges  0x000000c0       0x50 build/obj/tpl_os_alarm_kernel.c.o
 .debug_ranges  0x00000110       0x28 build/obj/tpl_os_event_kernel.c.o
 .debug_ranges  0x00000138       0x70 build/obj/tpl_os_it_kernel.c.o
 .debug_ranges  0x000001a8       0x20 build/obj/tpl_os_rez_kernel.c.o
 .debug_ranges  0x000001c8       0x38 build/obj/tpl_os_task_kernel.c.o
 .debug_ranges  0x00000200       0x28 build/obj/tpl_os_timeobj_kernel.c.o
 .debug_ranges  0x00000228       0xa0 build/obj/tpl_os_kernel.c.o
 .debug_ranges  0x000002c8       0x20 build/obj/tpl_os_action.c.o
 .debug_ranges  0x000002e8       0x10 build/obj/tpl_os.c.o
 .debug_ranges  0x000002f8       0x40 build/obj/tpl_machine_arm_generic.c.o
 .debug_ranges  0x00000338       0x18 build/obj/nxt_tpl_stubs.c.o
 .debug_ranges  0x00000350       0x18 build/obj/nxt_irq.c.o
 .debug_ranges  0x00000368       0x10 build/obj/nxt_exception_catch.c.o
 .debug_ranges  0x00000378      0x1a8 build/obj/ecrobot_interface.c.o
 .debug_ranges  0x00000520       0xb0 build/obj/ecrobot_bluetooth.c.o
 .debug_ranges  0x000005d0       0x78 build/obj/ecrobot_HiTechnic.c.o
 .debug_ranges  0x00000648       0x40 build/obj/flash_loader.c.o
 .debug_ranges  0x00000688       0x30 build/obj/aic.c.o
 .debug_ranges  0x000006b8       0x70 build/obj/nxt_avr.c.o
 .debug_ranges  0x00000728       0x38 build/obj/i2c.c.o
 .debug_ranges  0x00000760       0x50 build/obj/systick.c.o
 .debug_ranges  0x000007b0       0x48 build/obj/nxt_motors.c.o
 .debug_ranges  0x000007f8       0xc0 build/obj/bt.c.o
 .debug_ranges  0x000008b8      0x130 build/obj/display.c.o
 .debug_ranges  0x000009e8       0x48 build/obj/sensors.c.o
 .debug_ranges  0x00000a30       0x38 build/obj/twi.c.o
 .debug_ranges  0x00000a68       0xd8 build/obj/nxt_lcd.c.o
 .debug_ranges  0x00000b40       0x38 build/obj/nxt_spi.c.o
 .debug_ranges  0x00000b78      0x108 build/obj/sound.c.o
 .debug_ranges  0x00000c80       0x18 build/obj/buttons.c.o
 .debug_ranges  0x00000c98       0x70 build/obj/tpl_app_config.c.o

.debug_line     0x00000000     0x6922
 .debug_line    0x00000000      0x398 build/obj/nxtSegway.c.o
 .debug_line    0x00000398      0x2ac build/obj/tools.c.o
 .debug_line    0x00000644      0x18c build/obj/tpl_dispatch_table.c.o
 .debug_line    0x000007d0       0x9a build/obj/tpl_invoque.S.o
 .debug_line    0x0000086a      0x322 build/obj/tpl_os_alarm_kernel.c.o
 .debug_line    0x00000b8c      0x2be build/obj/tpl_os_event_kernel.c.o
 .debug_line    0x00000e4a      0x322 build/obj/tpl_os_it_kernel.c.o
 .debug_line    0x0000116c      0x2fc build/obj/tpl_os_rez_kernel.c.o
 .debug_line    0x00001468      0x2f0 build/obj/tpl_os_task_kernel.c.o
 .debug_line    0x00001758      0x2af build/obj/tpl_os_timeobj_kernel.c.o
 .debug_line    0x00001a07      0x481 build/obj/tpl_os_kernel.c.o
 .debug_line    0x00001e88      0x24a build/obj/tpl_os_action.c.o
 .debug_line    0x000020d2      0x204 build/obj/tpl_os.c.o
 .debug_line    0x000022d6      0x2c3 build/obj/tpl_machine_arm_generic.c.o
 .debug_line    0x00002599       0xa0 build/obj/tpl_irq.S.o
 .debug_line    0x00002639       0xbc build/obj/tpl_system_call.S.o
 .debug_line    0x000026f5       0x7c build/obj/tpl_vector_table.s.o
 .debug_line    0x00002771       0x6e build/obj/nxt_tpl_sleep.S.o
 .debug_line    0x000027df      0x2e5 build/obj/nxt_tpl_stubs.c.o
 .debug_line    0x00002ac4      0x219 build/obj/nxt_irq.c.o
 .debug_line    0x00002cdd       0x80 build/obj/nxt_exception_catch.S.o
 .debug_line    0x00002d5d       0x8a build/obj/nxt_bootstrap_stage1.S.o
 .debug_line    0x00002de7       0xfd build/obj/nxt_exception_catch.c.o
 .debug_line    0x00002ee4       0x7d build/obj/nxt_entry_point.s.o
 .debug_line    0x00002f61       0x84 build/obj/interrupts.s.o
 .debug_line    0x00002fe5      0x750 build/obj/ecrobot_interface.c.o
 .debug_line    0x00003735      0x4f3 build/obj/ecrobot_bluetooth.c.o
 .debug_line    0x00003c28      0x345 build/obj/ecrobot_HiTechnic.c.o
 .debug_line    0x00003f6d      0x41c build/obj/flash_loader.c.o
 .debug_line    0x00004389      0x147 build/obj/aic.c.o
 .debug_line    0x000044d0      0x274 build/obj/nxt_avr.c.o
 .debug_line    0x00004744      0x326 build/obj/i2c.c.o
 .debug_line    0x00004a6a      0x1a6 build/obj/systick.c.o
 .debug_line    0x00004c10      0x18e build/obj/nxt_motors.c.o
 .debug_line    0x00004d9e      0x589 build/obj/bt.c.o
 .debug_line    0x00005327      0x4ce build/obj/display.c.o
 .debug_line    0x000057f5      0x252 build/obj/sensors.c.o
 .debug_line    0x00005a47      0x18a build/obj/twi.c.o
 .debug_line    0x00005bd1      0x274 build/obj/nxt_lcd.c.o
 .debug_line    0x00005e45      0x189 build/obj/nxt_spi.c.o
 .debug_line    0x00005fce      0x2b4 build/obj/sound.c.o
 .debug_line    0x00006282      0x2ae build/obj/buttons.c.o
 .debug_line    0x00006530      0x3f2 build/obj/tpl_app_config.c.o

.debug_str      0x00000000     0x46af
 .debug_str     0x00000000      0x51b build/obj/nxtSegway.c.o
                                0x5a2 (size before relaxing)
 .debug_str     0x0000051b      0x126 build/obj/tools.c.o
                                0x510 (size before relaxing)
 .debug_str     0x00000641       0x42 build/obj/tpl_dispatch_table.c.o
                                0x315 (size before relaxing)
 .debug_str     0x00000683      0x2ec build/obj/tpl_os_alarm_kernel.c.o
                                0x621 (size before relaxing)
 .debug_str     0x0000096f      0x27d build/obj/tpl_os_event_kernel.c.o
                                0x603 (size before relaxing)
 .debug_str     0x00000bec      0x2d5 build/obj/tpl_os_it_kernel.c.o
                                0x837 (size before relaxing)
 .debug_str     0x00000ec1       0xfc build/obj/tpl_os_rez_kernel.c.o
                                0x64a (size before relaxing)
 .debug_str     0x00000fbd      0x114 build/obj/tpl_os_task_kernel.c.o
                                0x6a6 (size before relaxing)
 .debug_str     0x000010d1       0xe5 build/obj/tpl_os_timeobj_kernel.c.o
                                0x50b (size before relaxing)
 .debug_str     0x000011b6      0x264 build/obj/tpl_os_kernel.c.o
                                0xa6e (size before relaxing)
 .debug_str     0x0000141a      0x118 build/obj/tpl_os_action.c.o
                                0x492 (size before relaxing)
 .debug_str     0x00001532       0x48 build/obj/tpl_os.c.o
                                0x349 (size before relaxing)
 .debug_str     0x0000157a      0x246 build/obj/tpl_machine_arm_generic.c.o
                                0x6fb (size before relaxing)
 .debug_str     0x000017c0       0xc2 build/obj/nxt_tpl_stubs.c.o
                                0x3fb (size before relaxing)
 .debug_str     0x00001882       0xe4 build/obj/nxt_irq.c.o
                                0x3c3 (size before relaxing)
 .debug_str     0x00001966       0xae build/obj/nxt_exception_catch.c.o
                                0x218 (size before relaxing)
 .debug_str     0x00001a14      0x798 build/obj/ecrobot_interface.c.o
                                0xb8c (size before relaxing)
 .debug_str     0x000021ac      0x27f build/obj/ecrobot_bluetooth.c.o
                                0x637 (size before relaxing)
 .debug_str     0x0000242b      0x1be build/obj/ecrobot_HiTechnic.c.o
                                0x4bf (size before relaxing)
 .debug_str     0x000025e9      0x21d build/obj/flash_loader.c.o
                                0x548 (size before relaxing)
 .debug_str     0x00002806      0x70c build/obj/aic.c.o
                                0x882 (size before relaxing)
 .debug_str     0x00002f12      0x27c build/obj/nxt_avr.c.o
                                0x480 (size before relaxing)
 .debug_str     0x0000318e      0x270 build/obj/i2c.c.o
                                0x4cd (size before relaxing)
 .debug_str     0x000033fe      0x100 build/obj/systick.c.o
                                0x2f0 (size before relaxing)
 .debug_str     0x000034fe      0x130 build/obj/nxt_motors.c.o
                                0x35a (size before relaxing)
 .debug_str     0x0000362e      0x14e build/obj/bt.c.o
                                0x52d (size before relaxing)
 .debug_str     0x0000377c      0x1a9 build/obj/display.c.o
                                0x492 (size before relaxing)
 .debug_str     0x00003925      0x193 build/obj/sensors.c.o
                                0x4a7 (size before relaxing)
 .debug_str     0x00003ab8      0x101 build/obj/twi.c.o
                                0x2ee (size before relaxing)
 .debug_str     0x00003bb9      0x24f build/obj/nxt_lcd.c.o
                                0x424 (size before relaxing)
 .debug_str     0x00003e08       0x91 build/obj/nxt_spi.c.o
                                0x298 (size before relaxing)
 .debug_str     0x00003e99      0x1c5 build/obj/sound.c.o
                                0x3c0 (size before relaxing)
 .debug_str     0x0000405e       0x5f build/obj/buttons.c.o
                                0x432 (size before relaxing)
 .debug_str     0x000040bd      0x5f2 build/obj/tpl_app_config.c.o
                                0xf06 (size before relaxing)

.debug_frame    0x00000000     0x23b8
 .debug_frame   0x00000000      0x130 build/obj/nxtSegway.c.o
 .debug_frame   0x00000130      0x164 build/obj/tools.c.o
 .debug_frame   0x00000294       0xd4 build/obj/tpl_os_alarm_kernel.c.o
 .debug_frame   0x00000368       0x80 build/obj/tpl_os_event_kernel.c.o
 .debug_frame   0x000003e8      0x154 build/obj/tpl_os_it_kernel.c.o
 .debug_frame   0x0000053c       0x64 build/obj/tpl_os_rez_kernel.c.o
 .debug_frame   0x000005a0       0xd8 build/obj/tpl_os_task_kernel.c.o
 .debug_frame   0x00000678       0x80 build/obj/tpl_os_timeobj_kernel.c.o
 .debug_frame   0x000006f8      0x20c build/obj/tpl_os_kernel.c.o
 .debug_frame   0x00000904       0x64 build/obj/tpl_os_action.c.o
 .debug_frame   0x00000968       0x2c build/obj/tpl_os.c.o
 .debug_frame   0x00000994       0x80 build/obj/tpl_machine_arm_generic.c.o
 .debug_frame   0x00000a14       0x44 build/obj/nxt_tpl_stubs.c.o
 .debug_frame   0x00000a58       0x3c build/obj/nxt_irq.c.o
 .debug_frame   0x00000a94       0x28 build/obj/nxt_exception_catch.c.o
 .debug_frame   0x00000abc      0x4ec build/obj/ecrobot_interface.c.o
 .debug_frame   0x00000fa8      0x1e4 build/obj/ecrobot_bluetooth.c.o
 .debug_frame   0x0000118c      0x1dc build/obj/ecrobot_HiTechnic.c.o
 .debug_frame   0x00001368       0xe8 build/obj/flash_loader.c.o
 .debug_frame   0x00001450       0xa4 build/obj/aic.c.o
 .debug_frame   0x000014f4       0xe8 build/obj/nxt_avr.c.o
 .debug_frame   0x000015dc       0xd0 build/obj/i2c.c.o
 .debug_frame   0x000016ac       0xe8 build/obj/systick.c.o
 .debug_frame   0x00001794       0xc4 build/obj/nxt_motors.c.o
 .debug_frame   0x00001858      0x180 build/obj/bt.c.o
 .debug_frame   0x000019d8      0x1b0 build/obj/display.c.o
 .debug_frame   0x00001b88       0xe4 build/obj/sensors.c.o
 .debug_frame   0x00001c6c       0xa0 build/obj/twi.c.o
 .debug_frame   0x00001d0c      0x1e0 build/obj/nxt_lcd.c.o
 .debug_frame   0x00001eec       0xa4 build/obj/nxt_spi.c.o
 .debug_frame   0x00001f90      0x194 build/obj/sound.c.o
 .debug_frame   0x00002124       0x50 build/obj/buttons.c.o
 .debug_frame   0x00002174      0x17c build/obj/tpl_app_config.c.o
 .debug_frame   0x000022f0       0x20 /mnt/n7fs/nxt/gcc-arm-none-eabi-4_9-2015q3//lib/gcc/arm-none-eabi/4.9.3//libgcc.a(_udivsi3.o)
 .debug_frame   0x00002310       0x20 /mnt/n7fs/nxt/gcc-arm-none-eabi-4_9-2015q3//lib/gcc/arm-none-eabi/4.9.3//libgcc.a(_divsi3.o)
 .debug_frame   0x00002330       0x38 /mnt/n7fs/nxt/gcc-arm-none-eabi-4_9-2015q3//arm-none-eabi/lib/libc.a(lib_a-memcpy.o)
 .debug_frame   0x00002368       0x30 /mnt/n7fs/nxt/gcc-arm-none-eabi-4_9-2015q3//arm-none-eabi/lib/libc.a(lib_a-memset.o)
 .debug_frame   0x00002398       0x20 /mnt/n7fs/nxt/gcc-arm-none-eabi-4_9-2015q3//arm-none-eabi/lib/libc.a(lib_a-strlen.o)

Cross Reference Table

Symbol                                            File
ActivateTask                                      build/obj/tpl_invoque.S.o
CallTerminateISR2                                 build/obj/tpl_invoque.S.o